Component: Arm Compiler for Embedded 6.19 Tool: armlink [5e73cb00]

==============================================================================

Section Cross References

    main.o(.text.passUpAuto) refers to main.o(.bss.xQueueUpAuto) for xQueueUpAuto
    main.o(.text.passUpAuto) refers to main.o(.bss.isAuto) for isAuto
    main.o(.text.passUpAuto) refers to queue.o(.text.xQueueReceive) for xQueueReceive
    main.o(.text.passUpAuto) refers to main.o(.bss.xStatusReceiveUpAuto) for xStatusReceiveUpAuto
    main.o(.text.passUpAuto) refers to main.o(.bss.super) for super
    main.o(.text.passUpAuto) refers to tasks.o(.text.vTaskDelay) for vTaskDelay
    main.o(.ARM.exidx.text.passUpAuto) refers to main.o(.text.passUpAuto) for [Anonymous Symbol]
    main.o(.text.passUpManual) refers to main.o(.bss.xQueueUpManual) for xQueueUpManual
    main.o(.text.passUpManual) refers to main.o(.bss.isAuto) for isAuto
    main.o(.text.passUpManual) refers to queue.o(.text.xQueueReceive) for xQueueReceive
    main.o(.text.passUpManual) refers to main.o(.bss.xStatusReceiveUpManual) for xStatusReceiveUpManual
    main.o(.text.passUpManual) refers to tasks.o(.text.vTaskDelay) for vTaskDelay
    main.o(.ARM.exidx.text.passUpManual) refers to main.o(.text.passUpManual) for [Anonymous Symbol]
    main.o(.text.passDown) refers to main.o(.bss.xQueueDownAuto) for xQueueDownAuto
    main.o(.text.passDown) refers to main.o(.bss.isAuto) for isAuto
    main.o(.text.passDown) refers to queue.o(.text.xQueueReceive) for xQueueReceive
    main.o(.text.passDown) refers to main.o(.bss.super) for super
    main.o(.text.passDown) refers to tasks.o(.text.vTaskDelay) for vTaskDelay
    main.o(.ARM.exidx.text.passDown) refers to main.o(.text.passDown) for [Anonymous Symbol]
    main.o(.text.passDownManual) refers to main.o(.bss.xQueueDownManual) for xQueueDownManual
    main.o(.text.passDownManual) refers to main.o(.bss.isAuto) for isAuto
    main.o(.text.passDownManual) refers to queue.o(.text.xQueueReceive) for xQueueReceive
    main.o(.text.passDownManual) refers to dio.o(.text.ReadPin) for ReadPin
    main.o(.text.passDownManual) refers to tasks.o(.text.vTaskDelay) for vTaskDelay
    main.o(.ARM.exidx.text.passDownManual) refers to main.o(.text.passDownManual) for [Anonymous Symbol]
    main.o(.text.driverUp) refers to main.o(.bss.xQueueDriverUpAuto) for xQueueDriverUpAuto
    main.o(.text.driverUp) refers to main.o(.bss.isAuto) for isAuto
    main.o(.text.driverUp) refers to queue.o(.text.xQueueReceive) for xQueueReceive
    main.o(.text.driverUp) refers to main.o(.bss.super) for super
    main.o(.text.driverUp) refers to tasks.o(.text.vTaskDelay) for vTaskDelay
    main.o(.ARM.exidx.text.driverUp) refers to main.o(.text.driverUp) for [Anonymous Symbol]
    main.o(.text.driverUpManual) refers to main.o(.bss.xQueueDriverUpManual) for xQueueDriverUpManual
    main.o(.text.driverUpManual) refers to main.o(.bss.isAuto) for isAuto
    main.o(.text.driverUpManual) refers to queue.o(.text.xQueueReceive) for xQueueReceive
    main.o(.text.driverUpManual) refers to dio.o(.text.ReadPin) for ReadPin
    main.o(.text.driverUpManual) refers to tasks.o(.text.vTaskDelay) for vTaskDelay
    main.o(.ARM.exidx.text.driverUpManual) refers to main.o(.text.driverUpManual) for [Anonymous Symbol]
    main.o(.text.driverDown) refers to main.o(.bss.xQueueDriverDownAuto) for xQueueDriverDownAuto
    main.o(.text.driverDown) refers to main.o(.bss.isAuto) for isAuto
    main.o(.text.driverDown) refers to queue.o(.text.xQueueReceive) for xQueueReceive
    main.o(.text.driverDown) refers to main.o(.bss.super) for super
    main.o(.text.driverDown) refers to tasks.o(.text.vTaskDelay) for vTaskDelay
    main.o(.ARM.exidx.text.driverDown) refers to main.o(.text.driverDown) for [Anonymous Symbol]
    main.o(.text.driverDownManual) refers to main.o(.bss.xQueueDriverDownManual) for xQueueDriverDownManual
    main.o(.text.driverDownManual) refers to main.o(.bss.isAuto) for isAuto
    main.o(.text.driverDownManual) refers to queue.o(.text.xQueueReceive) for xQueueReceive
    main.o(.text.driverDownManual) refers to dio.o(.text.ReadPin) for ReadPin
    main.o(.text.driverDownManual) refers to tasks.o(.text.vTaskDelay) for vTaskDelay
    main.o(.ARM.exidx.text.driverDownManual) refers to main.o(.text.driverDownManual) for [Anonymous Symbol]
    main.o(.text.jamProtection) refers to main.o(.bss.xBinarySemaphore) for xBinarySemaphore
    main.o(.text.jamProtection) refers to queue.o(.text.xQueueSemaphoreTake) for xQueueSemaphoreTake
    main.o(.text.jamProtection) refers to tasks.o(.text.vTaskDelay) for vTaskDelay
    main.o(.ARM.exidx.text.jamProtection) refers to main.o(.text.jamProtection) for [Anonymous Symbol]
    main.o(.text.superMario) refers to tasks.o(.text.vTaskDelay) for vTaskDelay
    main.o(.ARM.exidx.text.superMario) refers to main.o(.text.superMario) for [Anonymous Symbol]
[...]
    ../clib/signal.s                         0x00000000   Number         0  defsig.o ABSOLUTE
    ../clib/stdlib.c                         0x00000000   Number         0  exit.o ABSOLUTE
    ../fplib/fpinit.s                        0x00000000   Number         0  fpinit.o ABSOLUTE
    DIO.c                                    0x00000000   Number         0  dio.o ABSOLUTE
    RTE/Device/TM4C123GH6PM/startup_TM4C123.s 0x00000000   Number         0  startup_tm4c123.o ABSOLUTE
    dc.s                                     0x00000000   Number         0  dc.o ABSOLUTE
    freertos_evr.c                           0x00000000   Number         0  freertos_evr.o ABSOLUTE
    heap_4.c                                 0x00000000   Number         0  heap_4.o ABSOLUTE
    list.c                                   0x00000000   Number         0  list.o ABSOLUTE
    main.c                                   0x00000000   Number         0  main.o ABSOLUTE
    port.c                                   0x00000000   Number         0  port.o ABSOLUTE
    queue.c                                  0x00000000   Number         0  queue.o ABSOLUTE
    system_TM4C123.c                         0x00000000   Number         0  system_tm4c123.o ABSOLUTE
    tasks.c                                  0x00000000   Number         0  tasks.o ABSOLUTE
    timers.c                                 0x00000000   Number         0  timers.o ABSOLUTE
    RESET                                    0x00000000   Section      620  startup_tm4c123.o(RESET)
    !!!main                                  0x0000026c   Section        8  __main.o(!!!main)
    !!!scatter                               0x00000274   Section       52  __scatter.o(!!!scatter)
    !!handler_copy                           0x000002a8   Section       26  __scatter_copy.o(!!handler_copy)
    !!handler_zi                             0x000002c4   Section       28  __scatter_zi.o(!!handler_zi)
    .ARM.Collect$$libinit$$00000000          0x000002e0   Section        2  libinit.o(.ARM.Collect$$libinit$$00000000)
    .ARM.Collect$$libinit$$00000001          0x000002e2   Section        4  libinit2.o(.ARM.Collect$$libinit$$00000001)
    .ARM.Collect$$libinit$$00000004          0x000002e6   Section        0  libinit2.o(.ARM.Collect$$libinit$$00000004)
    .ARM.Collect$$libinit$$00000006          0x000002e6   Section        0  libinit2.o(.ARM.Collect$$libinit$$00000006)
    .ARM.Collect$$libinit$$0000000C          0x000002e6   Section        0  libinit2.o(.ARM.Collect$$libinit$$0000000C)
    .ARM.Collect$$libinit$$0000000E          0x000002e6   Section        0  libinit2.o(.ARM.Collect$$libinit$$0000000E)
    .ARM.Collect$$libinit$$00000010          0x000002e6   Section        0  libinit2.o(.ARM.Collect$$libinit$$00000010)
    .ARM.Collect$$libinit$$00000013          0x000002e6   Section        0  libinit2.o(.ARM.Collect$$libinit$$00000013)
    .ARM.Collect$$libinit$$00000015          0x000002e6   Section        0  libinit2.o(.ARM.Collect$$libinit$$00000015)
    .ARM.Collect$$libinit$$00000017          0x000002e6   Section        0  libinit2.o(.ARM.Collect$$libinit$$00000017)
    .ARM.Collect$$libinit$$00000019          0x000002e6   Section        0  libinit2.o(.ARM.Collect$$libinit$$00000019)
    .ARM.Collect$$libinit$$0000001B          0x000002e6   Section        0  libinit2.o(.ARM.Collect$$libinit$$0000001B)
    .ARM.Collect$$libinit$$0000001D          0x000002e6   Section        0  libinit2.o(.ARM.Collect$$libinit$$0000001D)
    .ARM.Collect$$libinit$$0000001F          0x000002e6   Section        0  libinit2.o(.ARM.Collect$$libinit$$0000001F)
    .ARM.Collect$$libinit$$00000021          0x000002e6   Section        0  libinit2.o(.ARM.Collect$$libinit$$00000021)
    .ARM.Collect$$libinit$$00000023          0x000002e6   Section        0  libinit2.o(.ARM.Collect$$libinit$$00000023)
    .ARM.Collect$$libinit$$00000025          0x000002e6   Section        0  libinit2.o(.ARM.Collect$$libinit$$00000025)
    .ARM.Collect$$libinit$$00000027          0x000002e6   Section        0  libinit2.o(.ARM.Collect$$libinit$$00000027)
    .ARM.Collect$$libinit$$0000002E          0x000002e6   Section        0  libinit2.o(.ARM.Collect$$libinit$$0000002E)
    .ARM.Collect$$libinit$$00000030          0x000002e6   Section        0  libinit2.o(.ARM.Collect$$libinit$$00000030)
    .ARM.Collect$$libinit$$00000032          0x000002e6   Section        0  libinit2.o(.ARM.Collect$$libinit$$00000032)
    .ARM.Collect$$libinit$$00000034          0x000002e6   Section        0  libinit2.o(.ARM.Collect$$libinit$$00000034)
    .ARM.Collect$$libinit$$00000035          0x000002e6   Section        2  libinit2.o(.ARM.Collect$$libinit$$00000035)
    .ARM.Collect$$libshutdown$$00000000      0x000002e8   Section        2  libshutdown.o(.ARM.Collect$$libshutdown$$00000000)
    .ARM.Collect$$libshutdown$$00000002      0x000002ea   Section        0  libshutdown2.o(.ARM.Collect$$libshutdown$$00000002)
    .ARM.Collect$$libshutdown$$00000004      0x000002ea   Section        0  libshutdown2.o(.ARM.Collect$$libshutdown$$00000004)
    .ARM.Collect$$libshutdown$$00000007      0x000002ea   Section        0  libshutdown2.o(.ARM.Collect$$libshutdown$$00000007)
    .ARM.Collect$$libshutdown$$0000000A      0x000002ea   Section        0  libshutdown2.o(.ARM.Collect$$libshutdown$$0000000A)
    .ARM.Collect$$libshutdown$$0000000C      0x000002ea   Section        0  libshutdown2.o(.ARM.Collect$$libshutdown$$0000000C)
    .ARM.Collect$$libshutdown$$0000000F      0x000002ea   Section        0  libshutdown2.o(.ARM.Collect$$libshutdown$$0000000F)
    .ARM.Collect$$libshutdown$$00000010      0x000002ea   Section        2  libshutdown2.o(.ARM.Collect$$libshutdown$$00000010)
    .ARM.Collect$$rtentry$$00000000          0x000002ec   Section        0  __rtentry.o(.ARM.Collect$$rtentry$$00000000)
    .ARM.Collect$$rtentry$$00000002          0x000002ec   Section        0  __rtentry2.o(.ARM.Collect$$rtentry$$00000002)
    .ARM.Collect$$rtentry$$00000004          0x000002ec   Section        6  __rtentry4.o(.ARM.Collect$$rtentry$$00000004)
    .ARM.Collect$$rtentry$$00000009          0x000002f2   Section        0  __rtentry2.o(.ARM.Collect$$rtentry$$00000009)
    .ARM.Collect$$rtentry$$0000000A          0x000002f2   Section        4  __rtentry2.o(.ARM.Collect$$rtentry$$0000000A)
    .ARM.Collect$$rtentry$$0000000C          0x000002f6   Section        0  __rtentry2.o(.ARM.Collect$$rtentry$$0000000C)
    .ARM.Collect$$rtentry$$0000000D          0x000002f6   Section        8  __rtentry2.o(.ARM.Collect$$rtentry$$0000000D)
    .ARM.Collect$$rtexit$$00000000           0x000002fe   Section        2  rtexit.o(.ARM.Collect$$rtexit$$00000000)
    .ARM.Collect$$rtexit$$00000002           0x00000300   Section        0  rtexit2.o(.ARM.Collect$$rtexit$$00000002)
    .ARM.Collect$$rtexit$$00000003           0x00000300   Section        4  rtexit2.o(.ARM.Collect$$rtexit$$00000003)
    .ARM.Collect$$rtexit$$00000004           0x00000304   Section        6  rtexit2.o(.ARM.Collect$$rtexit$$00000004)
    $v0                                      0x0000030c   Number         0  startup_tm4c123.o(.text)
    .text                                    0x0000030c   Section      276  startup_tm4c123.o(.text)
    .text                                    0x00000420   Section      138  rt_memcpy_v6.o(.text)
    .text                                    0x000004aa   Section       68  rt_memclr.o(.text)
    .text                                    0x000004ee   Section        0  heapauxi.o(.text)
    .text                                    0x000004f4   Section      100  rt_memcpy_w.o(.text)
    .text                                    0x00000558   Section       78  rt_memclr_w.o(.text)
    .text                                    0x000005a6   Section       74  sys_stackheap_outer.o(.text)
    .text                                    0x000005f0   Section        0  exit.o(.text)
    .text                                    0x00000604   Section        8  libspace.o(.text)
    .text                                    0x0000060c   Section        0  sys_exit.o(.text)
    .text                                    0x00000618   Section        2  use_no_semi.o(.text)
    .text                                    0x0000061a   Section        0  indicate_semi.o(.text)
    [Anonymous Symbol]                       0x00000620   Section        0  port.o(.text.PendSV_Handler)
    pxCurrentTCBConst                        0x00000680   Number         0  port.o(.text.PendSV_Handler)
    [Anonymous Symbol]                       0x00000684   Section        0  dio.o(.text.ReadPin)
    [Anonymous Symbol]                       0x000006b0   Section        0  port.o(.text.SVC_Handler)
    pxCurrentTCBConst2                       0x000006d0   Number         0  port.o(.text.SVC_Handler)
    [Anonymous Symbol]                       0x000006d4   Section        0  port.o(.text.SysTick_Handler)
    [Anonymous Symbol]                       0x00000710   Section        0  system_tm4c123.o(.text.SystemInit)
    [Anonymous Symbol]                       0x0000081c   Section        0  main.o(.text.carHandler)
    [Anonymous Symbol]                       0x00000ab0   Section        0  dio.o(.text.car_init)
    [Anonymous Symbol]                       0x00000bb4   Section        0  main.o(.text.driverDown)
    [Anonymous Symbol]                       0x00000c44   Section        0  main.o(.text.driverDownManual)
    [Anonymous Symbol]                       0x00000ce0   Section        0  main.o(.text.driverUp)
    [Anonymous Symbol]                       0x00000d84   Section        0  main.o(.text.driverUpManual)
    [Anonymous Symbol]                       0x00000e20   Section        0  main.o(.text.jamProtection)
    [Anonymous Symbol]                       0x00000e88   Section        0  main.o(.text.main)
    [Anonymous Symbol]                       0x000010f0   Section        0  main.o(.text.passDown)
    [Anonymous Symbol]                       0x00001194   Section        0  main.o(.text.passDownManual)
    [Anonymous Symbol]                       0x00001230   Section        0  main.o(.text.passUpAuto)
    [Anonymous Symbol]                       0x000012dc   Section        0  main.o(.text.passUpManual)
    prvAddCurrentTaskToDelayedList           0x00001365   Thumb Code   282  tasks.o(.text.prvAddCurrentTaskToDelayedList)
    [Anonymous Symbol]                       0x00001364   Section        0  tasks.o(.text.prvAddCurrentTaskToDelayedList)
    prvAddNewTaskToReadyList                 0x00001481   Thumb Code   334  tasks.o(.text.prvAddNewTaskToReadyList)
    [Anonymous Symbol]                       0x00001480   Section        0  tasks.o(.text.prvAddNewTaskToReadyList)
    prvCheckForValidListAndQueue             0x000015d1   Thumb Code   106  timers.o(.text.prvCheckForValidListAndQueue)
    [Anonymous Symbol]                       0x000015d0   Section        0  timers.o(.text.prvCheckForValidListAndQueue)
    prvCheckTasksWaitingTermination          0x0000163d   Thumb Code    90  tasks.o(.text.prvCheckTasksWaitingTermination)
    [Anonymous Symbol]                       0x0000163c   Section        0  tasks.o(.text.prvCheckTasksWaitingTermination)
    prvCopyDataFromQueue                     0x00001699   Thumb Code    66  queue.o(.text.prvCopyDataFromQueue)
    [Anonymous Symbol]                       0x00001698   Section        0  queue.o(.text.prvCopyDataFromQueue)
    prvCopyDataToQueue                       0x000016dd   Thumb Code   204  queue.o(.text.prvCopyDataToQueue)
    [Anonymous Symbol]                       0x000016dc   Section        0  queue.o(.text.prvCopyDataToQueue)
    prvDeleteTCB                             0x000017a9   Thumb Code    24  tasks.o(.text.prvDeleteTCB)
    [Anonymous Symbol]                       0x000017a8   Section        0  tasks.o(.text.prvDeleteTCB)
    prvGetDisinheritPriorityAfterTimeout     0x000017c1   Thumb Code    38  queue.o(.text.prvGetDisinheritPriorityAfterTimeout)
    [Anonymous Symbol]                       0x000017c0   Section        0  queue.o(.text.prvGetDisinheritPriorityAfterTimeout)
    prvGetNextExpireTime                     0x000017e9   Thumb Code    64  timers.o(.text.prvGetNextExpireTime)
    [Anonymous Symbol]                       0x000017e8   Section        0  timers.o(.text.prvGetNextExpireTime)
    prvHeapInit                              0x00001829   Thumb Code   174  heap_4.o(.text.prvHeapInit)
    [Anonymous Symbol]                       0x00001828   Section        0  heap_4.o(.text.prvHeapInit)
    prvIdleTask                              0x000018d9   Thumb Code    56  tasks.o(.text.prvIdleTask)
    [Anonymous Symbol]                       0x000018d8   Section        0  tasks.o(.text.prvIdleTask)
    prvInitialiseNewQueue                    0x00001911   Thumb Code    68  queue.o(.text.prvInitialiseNewQueue)
    [Anonymous Symbol]                       0x00001910   Section        0  queue.o(.text.prvInitialiseNewQueue)
    prvInitialiseNewTask                     0x00001955   Thumb Code   278  tasks.o(.text.prvInitialiseNewTask)
    [Anonymous Symbol]                       0x00001954   Section        0  tasks.o(.text.prvInitialiseNewTask)
    prvInitialiseTaskLists                   0x00001a6d   Thumb Code   142  tasks.o(.text.prvInitialiseTaskLists)
    [Anonymous Symbol]                       0x00001a6c   Section        0  tasks.o(.text.prvInitialiseTaskLists)
    prvInsertBlockIntoFreeList               0x00001afd   Thumb Code   198  heap_4.o(.text.prvInsertBlockIntoFreeList)
    [Anonymous Symbol]                       0x00001afc   Section        0  heap_4.o(.text.prvInsertBlockIntoFreeList)
    prvInsertTimerInActiveList               0x00001bc5   Thumb Code   134  timers.o(.text.prvInsertTimerInActiveList)
    [Anonymous Symbol]                       0x00001bc4   Section        0  timers.o(.text.prvInsertTimerInActiveList)
    prvIsQueueEmpty                          0x00001c4d   Thumb Code    40  queue.o(.text.prvIsQueueEmpty)
    [Anonymous Symbol]                       0x00001c4c   Section        0  queue.o(.text.prvIsQueueEmpty)
    prvIsQueueFull                           0x00001c75   Thumb Code    46  queue.o(.text.prvIsQueueFull)
    [Anonymous Symbol]                       0x00001c74   Section        0  queue.o(.text.prvIsQueueFull)
    prvNotifyQueueSetContainer               0x00001ca5   Thumb Code   236  queue.o(.text.prvNotifyQueueSetContainer)
    [Anonymous Symbol]                       0x00001ca4   Section        0  queue.o(.text.prvNotifyQueueSetContainer)
    prvPortStartFirstTask                    0x00001d91   Thumb Code    40  port.o(.text.prvPortStartFirstTask)
    [Anonymous Symbol]                       0x00001d90   Section        0  port.o(.text.prvPortStartFirstTask)
    prvProcessExpiredTimer                   0x00001db9   Thumb Code    84  timers.o(.text.prvProcessExpiredTimer)
    [Anonymous Symbol]                       0x00001db8   Section        0  timers.o(.text.prvProcessExpiredTimer)
    prvProcessReceivedCommands               0x00001e0d   Thumb Code   326  timers.o(.text.prvProcessReceivedCommands)
    [Anonymous Symbol]                       0x00001e0c   Section        0  timers.o(.text.prvProcessReceivedCommands)
    prvProcessTimerOrBlockTask               0x00001f55   Thumb Code   154  timers.o(.text.prvProcessTimerOrBlockTask)
    [Anonymous Symbol]                       0x00001f54   Section        0  timers.o(.text.prvProcessTimerOrBlockTask)
    prvReloadTimer                           0x00001ff1   Thumb Code    52  timers.o(.text.prvReloadTimer)
    [Anonymous Symbol]                       0x00001ff0   Section        0  timers.o(.text.prvReloadTimer)
    prvResetNextTaskUnblockTime              0x00002025   Thumb Code    60  tasks.o(.text.prvResetNextTaskUnblockTime)
    [Anonymous Symbol]                       0x00002024   Section        0  tasks.o(.text.prvResetNextTaskUnblockTime)
    prvSampleTimeNow                         0x00002061   Thumb Code    68  timers.o(.text.prvSampleTimeNow)
    [Anonymous Symbol]                       0x00002060   Section        0  timers.o(.text.prvSampleTimeNow)
    prvSwitchTimerLists                      0x000020a5   Thumb Code    82  timers.o(.text.prvSwitchTimerLists)
    [Anonymous Symbol]                       0x000020a4   Section        0  timers.o(.text.prvSwitchTimerLists)
    prvTaskExitError                         0x000020f9   Thumb Code    76  port.o(.text.prvTaskExitError)
    [Anonymous Symbol]                       0x000020f8   Section        0  port.o(.text.prvTaskExitError)
    prvTimerTask                             0x00002145   Thumb Code    30  timers.o(.text.prvTimerTask)
    [Anonymous Symbol]                       0x00002144   Section        0  timers.o(.text.prvTimerTask)
    prvUnlockQueue                           0x00002165   Thumb Code   204  queue.o(.text.prvUnlockQueue)
    [Anonymous Symbol]                       0x00002164   Section        0  queue.o(.text.prvUnlockQueue)
    [Anonymous Symbol]                       0x00002230   Section        0  heap_4.o(.text.pvPortMalloc)
    [Anonymous Symbol]                       0x000023f8   Section        0  tasks.o(.text.pvTaskIncrementMutexHeldCount)
    [Anonymous Symbol]                       0x00002424   Section        0  port.o(.text.pxPortInitialiseStack)
    [Anonymous Symbol]                       0x00002484   Section        0  list.o(.text.uxListRemove)
    [Anonymous Symbol]                       0x000024cc   Section        0  tasks.o(.text.uxTaskGetNumberOfTasks)
    [Anonymous Symbol]                       0x000024d8   Section        0  list.o(.text.vListInitialise)
    [Anonymous Symbol]                       0x00002508   Section        0  list.o(.text.vListInitialiseItem)
    [Anonymous Symbol]                       0x00002518   Section        0  list.o(.text.vListInsert)
    vPortEnableVFP                           0x00002585   Thumb Code    20  port.o(.text.vPortEnableVFP)
    [Anonymous Symbol]                       0x00002584   Section        0  port.o(.text.vPortEnableVFP)
    [Anonymous Symbol]                       0x00002598   Section        0  port.o(.text.vPortEnterCritical)
    [Anonymous Symbol]                       0x000025f0   Section        0  port.o(.text.vPortExitCritical)
    [Anonymous Symbol]                       0x0000263c   Section        0  heap_4.o(.text.vPortFree)
    [Anonymous Symbol]                       0x000026f8   Section        0  port.o(.text.vPortSetupTimerInterrupt)
    [Anonymous Symbol]                       0x0000273c   Section        0  port.o(.text.vPortValidateInterruptPriority)
    [Anonymous Symbol]                       0x000027c0   Section        0  queue.o(.text.vQueueWaitForMessageRestricted)
    [Anonymous Symbol]                       0x00002824   Section        0  tasks.o(.text.vTaskDelay)
    [Anonymous Symbol]                       0x00002894   Section        0  tasks.o(.text.vTaskInternalSetTimeOutState)
    [Anonymous Symbol]                       0x000028b8   Section        0  tasks.o(.text.vTaskMissedYield)
    [Anonymous Symbol]                       0x000028c8   Section        0  tasks.o(.text.vTaskPlaceOnEventList)
    [Anonymous Symbol]                       0x0000290c   Section        0  tasks.o(.text.vTaskPlaceOnEventListRestricted)
    [Anonymous Symbol]                       0x00002988   Section        0  tasks.o(.text.vTaskPriorityDisinheritAfterTimeout)
    [Anonymous Symbol]                       0x00002b0c   Section        0  tasks.o(.text.vTaskStartScheduler)
    [Anonymous Symbol]                       0x00002bc0   Section        0  tasks.o(.text.vTaskSuspendAll)
    __tagsym$$used.0                         0x00002bd0   Number         0  tasks.o(.text.vTaskSwitchContext)
    [Anonymous Symbol]                       0x00002bd0   Section        0  tasks.o(.text.vTaskSwitchContext)
    [Anonymous Symbol]                       0x00002c90   Section        0  port.o(.text.xPortStartScheduler)
    [Anonymous Symbol]                       0x00002e0c   Section        0  queue.o(.text.xQueueGenericCreate)
    [Anonymous Symbol]                       0x00002ea8   Section        0  queue.o(.text.xQueueGenericReset)
    [Anonymous Symbol]                       0x00002fb0   Section        0  queue.o(.text.xQueueGenericSend)
    [Anonymous Symbol]                       0x00003224   Section        0  queue.o(.text.xQueueGiveFromISR)
    [Anonymous Symbol]                       0x000033a8   Section        0  queue.o(.text.xQueueReceive)
    [Anonymous Symbol]                       0x00003584   Section        0  queue.o(.text.xQueueSemaphoreTake)
    [Anonymous Symbol]                       0x00003794   Section        0  tasks.o(.text.xTaskCheckForTimeOut)
    [Anonymous Symbol]                       0x00003868   Section        0  tasks.o(.text.xTaskCreate)
    [Anonymous Symbol]                       0x00003908   Section        0  tasks.o(.text.xTaskGetSchedulerState)
    [Anonymous Symbol]                       0x00003940   Section        0  tasks.o(.text.xTaskGetTickCount)
    [Anonymous Symbol]                       0x00003954   Section        0  tasks.o(.text.xTaskIncrementTick)
    [Anonymous Symbol]                       0x00003bb4   Section        0  tasks.o(.text.xTaskPriorityDisinherit)
    [Anonymous Symbol]                       0x00003cec   Section        0  tasks.o(.text.xTaskPriorityInherit)
    [Anonymous Symbol]                       0x00003e48   Section        0  tasks.o(.text.xTaskRemoveFromEventList)
    [Anonymous Symbol]                       0x00003fd4   Section        0  tasks.o(.text.xTaskResumeAll)
    [Anonymous Symbol]                       0x000041f8   Section        0  timers.o(.text.xTimerCreateTimerTask)
    $v0                                      0x00004264   Number         0  fpinit.o(x$fpl$fpinit)
    x$fpl$fpinit                             0x00004264   Section       26  fpinit.o(x$fpl$fpinit)
    .L.str.4                                 0x0000427e   Data          28  main.o(.rodata.str1.1)
    [Anonymous Symbol]                       0x0000427e   Section        0  main.o(.rodata.str1.1)
    .L.str.6                                 0x0000429a   Data          15  main.o(.rodata.str1.1)
    .L.str.5                                 0x000042a9   Data          23  main.o(.rodata.str1.1)
    .L.str.2                                 0x000042c0   Data          19  main.o(.rodata.str1.1)
    .L.str.3                                 0x000042d3   Data          21  main.o(.rodata.str1.1)
    .L.str.1                                 0x000042e8   Data          17  main.o(.rodata.str1.1)
    .L.str                                   0x000042f9   Data          12  main.o(.rodata.str1.1)
    .L.str                                   0x00004305   Data           5  tasks.o(.rodata.str1.1)
    [Anonymous Symbol]                       0x00004305   Section        0  tasks.o(.rodata.str1.1)
    .L.str                                   0x0000430a   Data           8  timers.o(.rodata.str1.1)
    [Anonymous Symbol]                       0x0000430a   Section        0  timers.o(.rodata.str1.1)
    uxCriticalNesting                        0x20000004   Data           4  port.o(.data.uxCriticalNesting)
    [Anonymous Symbol]                       0x20000004   Section        0  port.o(.data.uxCriticalNesting)
    .bss                                     0x20000008   Section       96  libspace.o(.bss)
    prvSampleTimeNow.xLastTime               0x2000006c   Data           4  timers.o(.bss.prvSampleTimeNow.xLastTime)
    [Anonymous Symbol]                       0x2000006c   Section        0  timers.o(.bss.prvSampleTimeNow.xLastTime)
    __tagsym$$used.1                         0x20000070   Number         0  tasks.o(.bss.pxCurrentTCB)
    pxCurrentTimerList                       0x20000074   Data           4  timers.o(.bss.pxCurrentTimerList)
    [Anonymous Symbol]                       0x20000074   Section        0  timers.o(.bss.pxCurrentTimerList)
    pxDelayedTaskList                        0x20000078   Data           4  tasks.o(.bss.pxDelayedTaskList)
    [Anonymous Symbol]                       0x20000078   Section        0  tasks.o(.bss.pxDelayedTaskList)
    pxEnd                                    0x2000007c   Data           4  heap_4.o(.bss.pxEnd)
    [Anonymous Symbol]                       0x2000007c   Section        0  heap_4.o(.bss.pxEnd)
    pxOverflowDelayedTaskList                0x20000080   Data           4  tasks.o(.bss.pxOverflowDelayedTaskList)
    [Anonymous Symbol]                       0x20000080   Section        0  tasks.o(.bss.pxOverflowDelayedTaskList)
    pxOverflowTimerList                      0x20000084   Data           4  timers.o(.bss.pxOverflowTimerList)
    [Anonymous Symbol]                       0x20000084   Section        0  timers.o(.bss.pxOverflowTimerList)
    pxReadyTasksLists                        0x20000088   Data         100  tasks.o(.bss.pxReadyTasksLists)
    [Anonymous Symbol]                       0x20000088   Section        0  tasks.o(.bss.pxReadyTasksLists)
    ucHeap                                   0x200000f0   Data        8192  heap_4.o(.bss.ucHeap)
    [Anonymous Symbol]                       0x200000f0   Section        0  heap_4.o(.bss.ucHeap)
    ucMaxSysCallPriority                     0x200020f0   Data           1  port.o(.bss.ucMaxSysCallPriority)
    [Anonymous Symbol]                       0x200020f0   Section        0  port.o(.bss.ucMaxSysCallPriority)
    ulMaxPRIGROUPValue                       0x200020f4   Data           4  port.o(.bss.ulMaxPRIGROUPValue)
    [Anonymous Symbol]                       0x200020f4   Section        0  port.o(.bss.ulMaxPRIGROUPValue)
    uxCurrentNumberOfTasks                   0x200020f8   Data           4  tasks.o(.bss.uxCurrentNumberOfTasks)
    [Anonymous Symbol]                       0x200020f8   Section        0  tasks.o(.bss.uxCurrentNumberOfTasks)
    uxDeletedTasksWaitingCleanUp             0x200020fc   Data           4  tasks.o(.bss.uxDeletedTasksWaitingCleanUp)
    [Anonymous Symbol]                       0x200020fc   Section        0  tasks.o(.bss.uxDeletedTasksWaitingCleanUp)
    uxSchedulerSuspended                     0x20002100   Data           4  tasks.o(.bss.uxSchedulerSuspended)
    [Anonymous Symbol]                       0x20002100   Section        0  tasks.o(.bss.uxSchedulerSuspended)
    uxTaskNumber                             0x20002104   Data           4  tasks.o(.bss.uxTaskNumber)
    [Anonymous Symbol]                       0x20002104   Section        0  tasks.o(.bss.uxTaskNumber)
    uxTopReadyPriority                       0x20002108   Data           4  tasks.o(.bss.uxTopReadyPriority)
    [Anonymous Symbol]                       0x20002108   Section        0  tasks.o(.bss.uxTopReadyPriority)
    xActiveTimerList1                        0x2000210c   Data          20  timers.o(.bss.xActiveTimerList1)
    [Anonymous Symbol]                       0x2000210c   Section        0  timers.o(.bss.xActiveTimerList1)
    xActiveTimerList2                        0x20002120   Data          20  timers.o(.bss.xActiveTimerList2)
    [Anonymous Symbol]                       0x20002120   Section        0  timers.o(.bss.xActiveTimerList2)
    xDelayedTaskList1                        0x20002138   Data          20  tasks.o(.bss.xDelayedTaskList1)
    [Anonymous Symbol]                       0x20002138   Section        0  tasks.o(.bss.xDelayedTaskList1)
    xDelayedTaskList2                        0x2000214c   Data          20  tasks.o(.bss.xDelayedTaskList2)
    [Anonymous Symbol]                       0x2000214c   Section        0  tasks.o(.bss.xDelayedTaskList2)
    xFreeBytesRemaining                      0x20002160   Data           4  heap_4.o(.bss.xFreeBytesRemaining)
    [Anonymous Symbol]                       0x20002160   Section        0  heap_4.o(.bss.xFreeBytesRemaining)
    xIdleTaskHandle                          0x20002164   Data           4  tasks.o(.bss.xIdleTaskHandle)
    [Anonymous Symbol]                       0x20002164   Section        0  tasks.o(.bss.xIdleTaskHandle)
    xMinimumEverFreeBytesRemaining           0x20002168   Data           4  heap_4.o(.bss.xMinimumEverFreeBytesRemaining)
    [Anonymous Symbol]                       0x20002168   Section        0  heap_4.o(.bss.xMinimumEverFreeBytesRemaining)
    xNextTaskUnblockTime                     0x2000216c   Data           4  tasks.o(.bss.xNextTaskUnblockTime)
    [Anonymous Symbol]                       0x2000216c   Section        0  tasks.o(.bss.xNextTaskUnblockTime)
    xNumOfOverflows                          0x20002170   Data           4  tasks.o(.bss.xNumOfOverflows)
    [Anonymous Symbol]                       0x20002170   Section        0  tasks.o(.bss.xNumOfOverflows)
    xNumberOfSuccessfulAllocations           0x20002174   Data           4  heap_4.o(.bss.xNumberOfSuccessfulAllocations)
    [Anonymous Symbol]                       0x20002174   Section        0  heap_4.o(.bss.xNumberOfSuccessfulAllocations)
    xNumberOfSuccessfulFrees                 0x20002178   Data           4  heap_4.o(.bss.xNumberOfSuccessfulFrees)
    [Anonymous Symbol]                       0x20002178   Section        0  heap_4.o(.bss.xNumberOfSuccessfulFrees)
    xPendedTicks                             0x2000217c   Data           4  tasks.o(.bss.xPendedTicks)
    [Anonymous Symbol]                       0x2000217c   Section        0  tasks.o(.bss.xPendedTicks)
    xPendingReadyList                        0x20002180   Data          20  tasks.o(.bss.xPendingReadyList)
    [Anonymous Symbol]                       0x20002180   Section        0  tasks.o(.bss.xPendingReadyList)
    xSchedulerRunning                        0x200021b4   Data           4  tasks.o(.bss.xSchedulerRunning)
    [Anonymous Symbol]                       0x200021b4   Section        0  tasks.o(.bss.xSchedulerRunning)
    xStart                                   0x200021b8   Data           8  heap_4.o(.bss.xStart)
    [Anonymous Symbol]                       0x200021b8   Section        0  heap_4.o(.bss.xStart)
    xSuspendedTaskList                       0x200021cc   Data          20  tasks.o(.bss.xSuspendedTaskList)
    [Anonymous Symbol]                       0x200021cc   Section        0  tasks.o(.bss.xSuspendedTaskList)
    xTasksWaitingTermination                 0x200021e0   Data          20  tasks.o(.bss.xTasksWaitingTermination)
    [Anonymous Symbol]                       0x200021e0   Section        0  tasks.o(.bss.xTasksWaitingTermination)
    xTickCount                               0x200021f4   Data           4  tasks.o(.bss.xTickCount)
    [Anonymous Symbol]                       0x200021f4   Section        0  tasks.o(.bss.xTickCount)
    xTimerQueue                              0x200021f8   Data           4  timers.o(.bss.xTimerQueue)
    [Anonymous Symbol]                       0x200021f8   Section        0  timers.o(.bss.xTimerQueue)
    xTimerTaskHandle                         0x200021fc   Data           4  timers.o(.bss.xTimerTaskHandle)
    [Anonymous Symbol]                       0x200021fc   Section        0  timers.o(.bss.xTimerTaskHandle)
    xYieldPending                            0x20002200   Data           4  tasks.o(.bss.xYieldPending)
    [Anonymous Symbol]                       0x20002200   Section        0  tasks.o(.bss.xYieldPending)
    Heap_Mem                                 0x20002208   Data           0  startup_tm4c123.o(HEAP)
    Stack_Mem                                0x20002208   Data         512  startup_tm4c123.o(STACK)
    HEAP                                     0x20002208   Section        0  startup_tm4c123.o(HEAP)
    STACK                                    0x20002208   Section      512  startup_tm4c123.o(STACK)
    __initial_sp                             0x20002408   Data           0  startup_tm4c123.o(STACK)

    Global Symbols

    Symbol Name                              Value     Ov Type        Size  Object(Section)

    BuildAttributes$$THM_ISAv4$E$P$D$K$B$S$7EM$VFPi3$EXTD16$VFPS$VFMA$PE$A:L22UL41UL21$X:L11$S22US41US21$IEEE1$IW$~IW$USESV6$~STKCKD$USESV7$~SHL$OSPACE$ROPI$EBA8$UX$STANDARDLIB$REQ8$PRES8$EABIv2 0x00000000   Number         0  anon$$obj.o ABSOLUTE
    __Vectors                                0x00000000   Data           4  startup_tm4c123.o(RESET)
    __ARM_exceptions_init                     - Undefined Weak Reference
    __alloca_initialize                       - Undefined Weak Reference
    __arm_preinit_                            - Undefined Weak Reference
    __arm_relocate_pie_                       - Undefined Weak Reference
    __cpp_initialize__aeabi_                  - Undefined Weak Reference
    __cxa_finalize                            - Undefined Weak Reference
    __rt_locale                               - Undefined Weak Reference
    __sigvec_lookup                           - Undefined Weak Reference
    _atexit_init                              - Undefined Weak Reference
    _call_atexit_fns                          - Undefined Weak Reference
    _clock_init                               - Undefined Weak Reference
    _fp_trap_init                             - Undefined Weak Reference
    _fp_trap_shutdown                         - Undefined Weak Reference
    _get_lc_collate                           - Undefined Weak Reference
    _get_lc_ctype                             - Undefined Weak Reference
    _get_lc_monetary                          - Undefined Weak Reference
    _get_lc_numeric                           - Undefined Weak Reference
    _get_lc_time                              - Undefined Weak Reference
    _getenv_init                              - Undefined Weak Reference
    _handle_redirection                       - Undefined Weak Reference
    _init_alloc                               - Undefined Weak Reference
    _init_user_alloc                          - Undefined Weak Reference
    _initio                                   - Undefined Weak Reference
    _rand_init                                - Undefined Weak Reference
    _signal_finish                            - Undefined Weak Reference
    _signal_init                              - Undefined Weak Reference
    _terminate_alloc                          - Undefined Weak Reference
    _terminate_user_alloc                     - Undefined Weak Reference
    _terminateio                              - Undefined Weak Reference
    __Vectors_End                            0x0000026c   Data           0  startup_tm4c123.o(RESET)
    __Vectors_Size                           0x0000026c   Number         0  startup_tm4c123.o ABSOLUTE
    __main                                   0x0000026d   Thumb Code     8  __main.o(!!!main)
    __scatterload                            0x00000275   Thumb Code     0  __scatter.o(!!!scatter)
    __scatterload_rt2                        0x00000275   Thumb Code    44  __scatter.o(!!!scatter)
    __scatterload_rt2_thumb_only             0x00000275   Thumb Code     0  __scatter.o(!!!scatter)
    __scatterload_null                       0x00000283   Thumb Code     0  __scatter.o(!!!scatter)
    __scatterload_copy                       0x000002a9   Thumb Code    26  __scatter_copy.o(!!handler_copy)
    __scatterload_zeroinit                   0x000002c5   Thumb Code    28  __scatter_zi.o(!!handler_zi)
    __rt_lib_init                            0x000002e1   Thumb Code     0  libinit.o(.ARM.Collect$$libinit$$00000000)
    __rt_lib_init_fp_1                       0x000002e3   Thumb Code     0  libinit2.o(.ARM.Collect$$libinit$$00000001)
    __rt_lib_init_alloca_1                   0x000002e7   Thumb Code     0  libinit2.o(.ARM.Collect$$libinit$$00000030)
    __rt_lib_init_argv_1                     0x000002e7   Thumb Code     0  libinit2.o(.ARM.Collect$$libinit$$0000002E)
    __rt_lib_init_atexit_1                   0x000002e7   Thumb Code     0  libinit2.o(.ARM.Collect$$libinit$$0000001D)
    __rt_lib_init_clock_1                    0x000002e7   Thumb Code     0  libinit2.o(.ARM.Collect$$libinit$$00000023)
    __rt_lib_init_cpp_1                      0x000002e7   Thumb Code     0  libinit2.o(.ARM.Collect$$libinit$$00000034)
    __rt_lib_init_exceptions_1               0x000002e7   Thumb Code     0  libinit2.o(.ARM.Collect$$libinit$$00000032)
    __rt_lib_init_fp_trap_1                  0x000002e7   Thumb Code     0  libinit2.o(.ARM.Collect$$libinit$$00000021)
    __rt_lib_init_getenv_1                   0x000002e7   Thumb Code     0  libinit2.o(.ARM.Collect$$libinit$$00000025)
    __rt_lib_init_heap_1                     0x000002e7   Thumb Code     0  libinit2.o(.ARM.Collect$$libinit$$0000000C)
    __rt_lib_init_lc_collate_1               0x000002e7   Thumb Code     0  libinit2.o(.ARM.Collect$$libinit$$00000013)
    __rt_lib_init_lc_ctype_1                 0x000002e7   Thumb Code     0  libinit2.o(.ARM.Collect$$libinit$$00000015)
    __rt_lib_init_lc_monetary_1              0x000002e7   Thumb Code     0  libinit2.o(.ARM.Collect$$libinit$$00000017)
    __rt_lib_init_lc_numeric_1               0x000002e7   Thumb Code     0  libinit2.o(.ARM.Collect$$libinit$$00000019)
    __rt_lib_init_lc_time_1                  0x000002e7   Thumb Code     0  libinit2.o(.ARM.Collect$$libinit$$0000001B)
    __rt_lib_init_preinit_1                  0x000002e7   Thumb Code     0  libinit2.o(.ARM.Collect$$libinit$$00000006)
    __rt_lib_init_rand_1                     0x000002e7   Thumb Code     0  libinit2.o(.ARM.Collect$$libinit$$00000010)
    __rt_lib_init_relocate_pie_1             0x000002e7   Thumb Code     0  libinit2.o(.ARM.Collect$$libinit$$00000004)
    __rt_lib_init_return                     0x000002e7   Thumb Code     0  libinit2.o(.ARM.Collect$$libinit$$00000035)
    __rt_lib_init_signal_1                   0x000002e7   Thumb Code     0  libinit2.o(.ARM.Collect$$libinit$$0000001F)
    __rt_lib_init_stdio_1                    0x000002e7   Thumb Code     0  libinit2.o(.ARM.Collect$$libinit$$00000027)
    __rt_lib_init_user_alloc_1               0x000002e7   Thumb Code     0  libinit2.o(.ARM.Collect$$libinit$$0000000E)
    __rt_lib_shutdown                        0x000002e9   Thumb Code     0  libshutdown.o(.ARM.Collect$$libshutdown$$00000000)
    __rt_lib_shutdown_cpp_1                  0x000002eb   Thumb Code     0  libshutdown2.o(.ARM.Collect$$libshutdown$$00000002)
    __rt_lib_shutdown_fp_trap_1              0x000002eb   Thumb Code     0  libshutdown2.o(.ARM.Collect$$libshutdown$$00000007)
    __rt_lib_shutdown_heap_1                 0x000002eb   Thumb Code     0  libshutdown2.o(.ARM.Collect$$libshutdown$$0000000F)
    __rt_lib_shutdown_return                 0x000002eb   Thumb Code     0  libshutdown2.o(.ARM.Collect$$libshutdown$$00000010)
    __rt_lib_shutdown_signal_1               0x000002eb   Thumb Code     0  libshutdown2.o(.ARM.Collect$$libshutdown$$0000000A)
    __rt_lib_shutdown_stdio_1                0x000002eb   Thumb Code     0  libshutdown2.o(.ARM.Collect$$libshutdown$$00000004)
    __rt_lib_shutdown_user_alloc_1           0x000002eb   Thumb Code     0  libshutdown2.o(.ARM.Collect$$libshutdown$$0000000C)
    __rt_entry                               0x000002ed   Thumb Code     0  __rtentry.o(.ARM.Collect$$rtentry$$00000000)
    __rt_entry_presh_1                       0x000002ed   Thumb Code     0  __rtentry2.o(.ARM.Collect$$rtentry$$00000002)
    __rt_entry_sh                            0x000002ed   Thumb Code     0  __rtentry4.o(.ARM.Collect$$rtentry$$00000004)
    __rt_entry_li                            0x000002f3   Thumb Code     0  __rtentry2.o(.ARM.Collect$$rtentry$$0000000A)
    __rt_entry_postsh_1                      0x000002f3   Thumb Code     0  __rtentry2.o(.ARM.Collect$$rtentry$$00000009)
    __rt_entry_main                          0x000002f7   Thumb Code     0  __rtentry2.o(.ARM.Collect$$rtentry$$0000000D)
    __rt_entry_postli_1                      0x000002f7   Thumb Code     0  __rtentry2.o(.ARM.Collect$$rtentry$$0000000C)
    __rt_exit                                0x000002ff   Thumb Code     0  rtexit.o(.ARM.Collect$$rtexit$$00000000)
    __rt_exit_ls                             0x00000301   Thumb Code     0  rtexit2.o(.ARM.Collect$$rtexit$$00000003)
    __rt_exit_prels_1                        0x00000301   Thumb Code     0  rtexit2.o(.ARM.Collect$$rtexit$$00000002)
    __rt_exit_exit                           0x00000305   Thumb Code     0  rtexit2.o(.ARM.Collect$$rtexit$$00000004)
    Reset_Handler                            0x0000030d   Thumb Code     8  startup_tm4c123.o(.text)
    NMI_Handler                              0x00000315   Thumb Code     2  startup_tm4c123.o(.text)
    HardFault_Handler                        0x00000317   Thumb Code     2  startup_tm4c123.o(.text)
    MemManage_Handler                        0x00000319   Thumb Code     2  startup_tm4c123.o(.text)
    BusFault_Handler                         0x0000031b   Thumb Code     2  startup_tm4c123.o(.text)
    UsageFault_Handler                       0x0000031d   Thumb Code     2  startup_tm4c123.o(.text)
    DebugMon_Handler                         0x00000321   Thumb Code     2  startup_tm4c123.o(.text)
    GPIOA_Handler                            0x00000327   Thumb Code     2  startup_tm4c123.o(.text)
    GPIOB_Handler                            0x00000329   Thumb Code     2  startup_tm4c123.o(.text)
    GPIOC_Handler                            0x0000032b   Thumb Code     2  startup_tm4c123.o(.text)
    GPIOD_Handler                            0x0000032d   Thumb Code     2  startup_tm4c123.o(.text)
    GPIOE_Handler                            0x0000032f   Thumb Code     2  startup_tm4c123.o(.text)
    UART0_Handler                            0x00000331   Thumb Code     2  startup_tm4c123.o(.text)
    UART1_Handler                            0x00000333   Thumb Code     2  startup_tm4c123.o(.text)
    SSI0_Handler                             0x00000335   Thumb Code     2  startup_tm4c123.o(.text)
    I2C0_Handler                             0x00000337   Thumb Code     2  startup_tm4c123.o(.text)
    PMW0_FAULT_Handler                       0x00000339   Thumb Code     2  startup_tm4c123.o(.text)
    PWM0_0_Handler                           0x0000033b   Thumb Code     2  startup_tm4c123.o(.text)
    PWM0_1_Handler                           0x0000033d   Thumb Code     2  startup_tm4c123.o(.text)
    PWM0_2_Handler                           0x0000033f   Thumb Code     2  startup_tm4c123.o(.text)
    QEI0_Handler                             0x00000341   Thumb Code     2  startup_tm4c123.o(.text)
    ADC0SS0_Handler                          0x00000343   Thumb Code     2  startup_tm4c123.o(.text)
    ADC0SS1_Handler                          0x00000345   Thumb Code     2  startup_tm4c123.o(.text)
    ADC0SS2_Handler                          0x00000347   Thumb Code     2  startup_tm4c123.o(.text)
    ADC0SS3_Handler                          0x00000349   Thumb Code     2  startup_tm4c123.o(.text)
    WDT0_Handler                             0x0000034b   Thumb Code     2  startup_tm4c123.o(.text)
    TIMER0A_Handler                          0x0000034d   Thumb Code     2  startup_tm4c123.o(.text)
    TIMER0B_Handler                          0x0000034f   Thumb Code     2  startup_tm4c123.o(.text)
    TIMER1A_Handler                          0x00000351   Thumb Code     2  startup_tm4c123.o(.text)
    TIMER1B_Handler                          0x00000353   Thumb Code     2  startup_tm4c123.o(.text)
    TIMER2A_Handler                          0x00000355   Thumb Code     2  startup_tm4c123.o(.text)
    TIMER2B_Handler                          0x00000357   Thumb Code     2  startup_tm4c123.o(.text)
    COMP0_Handler                            0x00000359   Thumb Code     2  startup_tm4c123.o(.text)
    COMP1_Handler                            0x0000035b   Thumb Code     2  startup_tm4c123.o(.text)
    COMP2_Handler                            0x0000035d   Thumb Code     2  startup_tm4c123.o(.text)
    SYSCTL_Handler                           0x0000035f   Thumb Code     2  startup_tm4c123.o(.text)
    FLASH_Handler                            0x00000361   Thumb Code     2  startup_tm4c123.o(.text)
    GPIOF_Handler                            0x00000363   Thumb Code     2  startup_tm4c123.o(.text)
    GPIOG_Handler                            0x00000365   Thumb Code     2  startup_tm4c123.o(.text)
    GPIOH_Handler                            0x00000367   Thumb Code     2  startup_tm4c123.o(.text)
    UART2_Handler                            0x00000369   Thumb Code     2  startup_tm4c123.o(.text)
    SSI1_Handler                             0x0000036b   Thumb Code     2  startup_tm4c123.o(.text)
    TIMER3A_Handler                          0x0000036d   Thumb Code     2  startup_tm4c123.o(.text)
    TIMER3B_Handler                          0x0000036f   Thumb Code     2  startup_tm4c123.o(.text)
    I2C1_Handler                             0x00000371   Thumb Code     2  startup_tm4c123.o(.text)
    QEI1_Handler                             0x00000373   Thumb Code     2  startup_tm4c123.o(.text)
    CAN0_Handler                             0x00000375   Thumb Code     2  startup_tm4c123.o(.text)
    CAN1_Handler                             0x00000377   Thumb Code     2  startup_tm4c123.o(.text)
    CAN2_Handler                             0x00000379   Thumb Code     2  startup_tm4c123.o(.text)
    HIB_Handler                              0x0000037b   Thumb Code     2  startup_tm4c123.o(.text)
    USB0_Handler                             0x0000037d   Thumb Code     2  startup_tm4c123.o(.text)
    PWM0_3_Handler                           0x0000037f   Thumb Code     2  startup_tm4c123.o(.text)
    UDMA_Handler                             0x00000381   Thumb Code     2  startup_tm4c123.o(.text)
    UDMAERR_Handler                          0x00000383   Thumb Code     2  startup_tm4c123.o(.text)
    ADC1SS0_Handler                          0x00000385   Thumb Code     2  startup_tm4c123.o(.text)
    ADC1SS1_Handler                          0x00000387   Thumb Code     2  startup_tm4c123.o(.text)
    ADC1SS2_Handler                          0x00000389   Thumb Code     2  startup_tm4c123.o(.text)
    ADC1SS3_Handler                          0x0000038b   Thumb Code     2  startup_tm4c123.o(.text)
    GPIOJ_Handler                            0x0000038d   Thumb Code     2  startup_tm4c123.o(.text)
    GPIOK_Handler                            0x0000038f   Thumb Code     2  startup_tm4c123.o(.text)
    GPIOL_Handler                            0x00000391   Thumb Code     2  startup_tm4c123.o(.text)
    SSI2_Handler                             0x00000393   Thumb Code     2  startup_tm4c123.o(.text)
    SSI3_Handler                             0x00000395   Thumb Code     2  startup_tm4c123.o(.text)
    UART3_Handler                            0x00000397   Thumb Code     2  startup_tm4c123.o(.text)
    UART4_Handler                            0x00000399   Thumb Code     2  startup_tm4c123.o(.text)
    UART5_Handler                            0x0000039b   Thumb Code     2  startup_tm4c123.o(.text)
    UART6_Handler                            0x0000039d   Thumb Code     2  startup_tm4c123.o(.text)
    UART7_Handler                            0x0000039f   Thumb Code     2  startup_tm4c123.o(.text)
    I2C2_Handler                             0x000003a1   Thumb Code     2  startup_tm4c123.o(.text)
    I2C3_Handler                             0x000003a3   Thumb Code     2  startup_tm4c123.o(.text)
    TIMER4A_Handler                          0x000003a5   Thumb Code     2  startup_tm4c123.o(.text)
    TIMER4B_Handler                          0x000003a7   Thumb Code     2  startup_tm4c123.o(.text)
    TIMER5A_Handler                          0x000003a9   Thumb Code     2  startup_tm4c123.o(.text)
    TIMER5B_Handler                          0x000003ab   Thumb Code     2  startup_tm4c123.o(.text)
    WTIMER0A_Handler                         0x000003ad   Thumb Code     2  startup_tm4c123.o(.text)
    WTIMER0B_Handler                         0x000003af   Thumb Code     2  startup_tm4c123.o(.text)
    WTIMER1A_Handler                         0x000003b1   Thumb Code     2  startup_tm4c123.o(.text)
    WTIMER1B_Handler                         0x000003b3   Thumb Code     2  startup_tm4c123.o(.text)
    WTIMER2A_Handler                         0x000003b5   Thumb Code     2  startup_tm4c123.o(.text)
    WTIMER2B_Handler                         0x000003b7   Thumb Code     2  startup_tm4c123.o(.text)
    WTIMER3A_Handler                         0x000003b9   Thumb Code     2  startup_tm4c123.o(.text)
    WTIMER3B_Handler                         0x000003bb   Thumb Code     2  startup_tm4c123.o(.text)
    WTIMER4A_Handler                         0x000003bd   Thumb Code     2  startup_tm4c123.o(.text)
    WTIMER4B_Handler                         0x000003bf   Thumb Code     2  startup_tm4c123.o(.text)
    WTIMER5A_Handler                         0x000003c1   Thumb Code     2  startup_tm4c123.o(.text)
    WTIMER5B_Handler                         0x000003c3   Thumb Code     2  startup_tm4c123.o(.text)
    FPU_Handler                              0x000003c5   Thumb Code     2  startup_tm4c123.o(.text)
    I2C4_Handler                             0x000003c7   Thumb Code     2  startup_tm4c123.o(.text)
    I2C5_Handler                             0x000003c9   Thumb Code     2  startup_tm4c123.o(.text)
    GPIOM_Handler                            0x000003cb   Thumb Code     2  startup_tm4c123.o(.text)
    GPION_Handler                            0x000003cd   Thumb Code     2  startup_tm4c123.o(.text)
    QEI2_Handler                             0x000003cf   Thumb Code     2  startup_tm4c123.o(.text)
    GPIOP0_Handler                           0x000003d1   Thumb Code     2  startup_tm4c123.o(.text)
    GPIOP1_Handler                           0x000003d3   Thumb Code     2  startup_tm4c123.o(.text)
    GPIOP2_Handler                           0x000003d5   Thumb Code     2  startup_tm4c123.o(.text)
    GPIOP3_Handler                           0x000003d7   Thumb Code     2  startup_tm4c123.o(.text)
    GPIOP4_Handler                           0x000003d9   Thumb Code     2  startup_tm4c123.o(.text)
    GPIOP5_Handler                           0x000003db   Thumb Code     2  startup_tm4c123.o(.text)
    GPIOP6_Handler                           0x000003dd   Thumb Code     2  startup_tm4c123.o(.text)
    GPIOP7_Handler                           0x000003df   Thumb Code     2  startup_tm4c123.o(.text)
    GPIOQ0_Handler                           0x000003e1   Thumb Code     2  startup_tm4c123.o(.text)
    GPIOQ1_Handler                           0x000003e3   Thumb Code     2  startup_tm4c123.o(.text)
    GPIOQ2_Handler                           0x000003e5   Thumb Code     2  startup_tm4c123.o(.text)
    GPIOQ3_Handler                           0x000003e7   Thumb Code     2  startup_tm4c123.o(.text)
    GPIOQ4_Handler                           0x000003e9   Thumb Code     2  startup_tm4c123.o(.text)
    GPIOQ5_Handler                           0x000003eb   Thumb Code     2  startup_tm4c123.o(.text)
    GPIOQ6_Handler                           0x000003ed   Thumb Code     2  startup_tm4c123.o(.text)
    GPIOQ7_Handler                           0x000003ef   Thumb Code     2  startup_tm4c123.o(.text)
    GPIOR_Handler                            0x000003f1   Thumb Code     2  startup_tm4c123.o(.text)
    GPIOS_Handler                            0x000003f3   Thumb Code     2  startup_tm4c123.o(.text)
    PMW1_0_Handler                           0x000003f5   Thumb Code     2  startup_tm4c123.o(.text)
    PWM1_1_Handler                           0x000003f7   Thumb Code     2  startup_tm4c123.o(.text)
    PWM1_2_Handler                           0x000003f9   Thumb Code     2  startup_tm4c123.o(.text)
    PWM1_3_Handler                           0x000003fb   Thumb Code     2  startup_tm4c123.o(.text)
    PWM1_FAULT_Handler                       0x000003fd   Thumb Code     2  startup_tm4c123.o(.text)
    __user_initial_stackheap                 0x00000401   Thumb Code     0  startup_tm4c123.o(.text)
    __aeabi_memcpy                           0x00000421   Thumb Code     0  rt_memcpy_v6.o(.text)
    __rt_memcpy                              0x00000421   Thumb Code   138  rt_memcpy_v6.o(.text)
    _memcpy_lastbytes                        0x00000487   Thumb Code     0  rt_memcpy_v6.o(.text)
    __aeabi_memclr                           0x000004ab   Thumb Code     0  rt_memclr.o(.text)
    __rt_memclr                              0x000004ab   Thumb Code     0  rt_memclr.o(.text)
    _memset                                  0x000004af   Thumb Code    64  rt_memclr.o(.text)
    __use_two_region_memory                  0x000004ef   Thumb Code     2  heapauxi.o(.text)
    __rt_heap_escrow$2region                 0x000004f1   Thumb Code     2  heapauxi.o(.text)
    __rt_heap_expand$2region                 0x000004f3   Thumb Code     2  heapauxi.o(.text)
    __aeabi_memcpy4                          0x000004f5   Thumb Code     0  rt_memcpy_w.o(.text)
    __aeabi_memcpy8                          0x000004f5   Thumb Code     0  rt_memcpy_w.o(.text)
    __rt_memcpy_w                            0x000004f5   Thumb Code   100  rt_memcpy_w.o(.text)
    _memcpy_lastbytes_aligned                0x0000053d   Thumb Code     0  rt_memcpy_w.o(.text)
    __aeabi_memclr4                          0x00000559   Thumb Code     0  rt_memclr_w.o(.text)
    __aeabi_memclr8                          0x00000559   Thumb Code     0  rt_memclr_w.o(.text)
    __rt_memclr_w                            0x00000559   Thumb Code     0  rt_memclr_w.o(.text)
    _memset_w                                0x0000055d   Thumb Code    74  rt_memclr_w.o(.text)
    __user_setup_stackheap                   0x000005a7   Thumb Code    74  sys_stackheap_outer.o(.text)
    exit                                     0x000005f1   Thumb Code    18  exit.o(.text)
    __user_libspace                          0x00000605   Thumb Code     8  libspace.o(.text)
    __user_perproc_libspace                  0x00000605   Thumb Code     0  libspace.o(.text)
    __user_perthread_libspace                0x00000605   Thumb Code     0  libspace.o(.text)
    _sys_exit                                0x0000060d   Thumb Code     8  sys_exit.o(.text)
    __I$use$semihosting                      0x00000619   Thumb Code     0  use_no_semi.o(.text)
    __use_no_semihosting_swi                 0x00000619   Thumb Code     2  use_no_semi.o(.text)
    __semihosting_library_function           0x0000061b   Thumb Code     0  indicate_semi.o(.text)
    PendSV_Handler                           0x00000621   Thumb Code   100  port.o(.text.PendSV_Handler)
    ReadPin                                  0x00000685   Thumb Code    32  dio.o(.text.ReadPin)
    SVC_Handler                              0x000006b1   Thumb Code    36  port.o(.text.SVC_Handler)
    SysTick_Handler                          0x000006d5   Thumb Code    60  port.o(.text.SysTick_Handler)
    SystemInit                               0x00000711   Thumb Code   268  system_tm4c123.o(.text.SystemInit)
    carHandler                               0x0000081d   Thumb Code   658  main.o(.text.carHandler)
    car_init                                 0x00000ab1   Thumb Code   258  dio.o(.text.car_init)
    driverDown                               0x00000bb5   Thumb Code   142  main.o(.text.driverDown)
    driverDownManual                         0x00000c45   Thumb Code   156  main.o(.text.driverDownManual)
    driverUp                                 0x00000ce1   Thumb Code   162  main.o(.text.driverUp)
    driverUpManual                           0x00000d85   Thumb Code   156  main.o(.text.driverUpManual)
    jamProtection                            0x00000e21   Thumb Code   104  main.o(.text.jamProtection)
    main                                     0x00000e89   Thumb Code   616  main.o(.text.main)
    passDown                                 0x000010f1   Thumb Code   164  main.o(.text.passDown)
    passDownManual                           0x00001195   Thumb Code   156  main.o(.text.passDownManual)
    passUpAuto                               0x00001231   Thumb Code   170  main.o(.text.passUpAuto)
    passUpManual                             0x000012dd   Thumb Code   134  main.o(.text.passUpManual)
    pvPortMalloc                             0x00002231   Thumb Code   456  heap_4.o(.text.pvPortMalloc)
    pvTaskIncrementMutexHeldCount            0x000023f9   Thumb Code    44  tasks.o(.text.pvTaskIncrementMutexHeldCount)
    pxPortInitialiseStack                    0x00002425   Thumb Code    94  port.o(.text.pxPortInitialiseStack)
    uxListRemove                             0x00002485   Thumb Code    72  list.o(.text.uxListRemove)
    uxTaskGetNumberOfTasks                   0x000024cd   Thumb Code    12  tasks.o(.text.uxTaskGetNumberOfTasks)
    vListInitialise                          0x000024d9   Thumb Code    46  list.o(.text.vListInitialise)
    vListInitialiseItem                      0x00002509   Thumb Code    14  list.o(.text.vListInitialiseItem)
    vListInsert                              0x00002519   Thumb Code   106  list.o(.text.vListInsert)
    vPortEnterCritical                       0x00002599   Thumb Code    86  port.o(.text.vPortEnterCritical)
    vPortExitCritical                        0x000025f1   Thumb Code    74  port.o(.text.vPortExitCritical)
    vPortFree                                0x0000263d   Thumb Code   186  heap_4.o(.text.vPortFree)
    vPortSetupTimerInterrupt                 0x000026f9   Thumb Code    68  port.o(.text.vPortSetupTimerInterrupt)
    vPortValidateInterruptPriority           0x0000273d   Thumb Code   132  port.o(.text.vPortValidateInterruptPriority)
    vQueueWaitForMessageRestricted           0x000027c1   Thumb Code   100  queue.o(.text.vQueueWaitForMessageRestricted)
    vTaskDelay                               0x00002825   Thumb Code   110  tasks.o(.text.vTaskDelay)
    vTaskInternalSetTimeOutState             0x00002895   Thumb Code    36  tasks.o(.text.vTaskInternalSetTimeOutState)
    vTaskMissedYield                         0x000028b9   Thumb Code    14  tasks.o(.text.vTaskMissedYield)
    vTaskPlaceOnEventList                    0x000028c9   Thumb Code    66  tasks.o(.text.vTaskPlaceOnEventList)
    vTaskPlaceOnEventListRestricted          0x0000290d   Thumb Code   124  tasks.o(.text.vTaskPlaceOnEventListRestricted)
    vTaskPriorityDisinheritAfterTimeout      0x00002989   Thumb Code   386  tasks.o(.text.vTaskPriorityDisinheritAfterTimeout)
    vTaskStartScheduler                      0x00002b0d   Thumb Code   178  tasks.o(.text.vTaskStartScheduler)
    vTaskSuspendAll                          0x00002bc1   Thumb Code    16  tasks.o(.text.vTaskSuspendAll)
    vTaskSwitchContext                       0x00002bd1   Thumb Code   190  tasks.o(.text.vTaskSwitchContext)
    xPortStartScheduler                      0x00002c91   Thumb Code   380  port.o(.text.xPortStartScheduler)
    xQueueGenericCreate                      0x00002e0d   Thumb Code   154  queue.o(.text.xQueueGenericCreate)
    xQueueGenericReset                       0x00002ea9   Thumb Code   264  queue.o(.text.xQueueGenericReset)
    xQueueGenericSend                        0x00002fb1   Thumb Code   628  queue.o(.text.xQueueGenericSend)
    xQueueGiveFromISR                        0x00003225   Thumb Code   386  queue.o(.text.xQueueGiveFromISR)
    xQueueReceive                            0x000033a9   Thumb Code   476  queue.o(.text.xQueueReceive)
    xQueueSemaphoreTake                      0x00003585   Thumb Code   528  queue.o(.text.xQueueSemaphoreTake)
    xTaskCheckForTimeOut                     0x00003795   Thumb Code   210  tasks.o(.text.xTaskCheckForTimeOut)
    xTaskCreate                              0x00003869   Thumb Code   160  tasks.o(.text.xTaskCreate)
    xTaskGetSchedulerState                   0x00003909   Thumb Code    56  tasks.o(.text.xTaskGetSchedulerState)
    xTaskGetTickCount                        0x00003941   Thumb Code    20  tasks.o(.text.xTaskGetTickCount)
    xTaskIncrementTick                       0x00003955   Thumb Code   608  tasks.o(.text.xTaskIncrementTick)
    xTaskPriorityDisinherit                  0x00003bb5   Thumb Code   312  tasks.o(.text.xTaskPriorityDisinherit)
    xTaskPriorityInherit                     0x00003ced   Thumb Code   348  tasks.o(.text.xTaskPriorityInherit)
    xTaskRemoveFromEventList                 0x00003e49   Thumb Code   396  tasks.o(.text.xTaskRemoveFromEventList)
    xTaskResumeAll                           0x00003fd5   Thumb Code   546  tasks.o(.text.xTaskResumeAll)
    xTimerCreateTimerTask                    0x000041f9   Thumb Code   108  timers.o(.text.xTimerCreateTimerTask)
    _fp_init                                 0x00004265   Thumb Code    26  fpinit.o(x$fpl$fpinit)
    __fplib_config_fpu_vfp                   0x0000427d   Thumb Code     0  fpinit.o(x$fpl$fpinit)
    __fplib_config_pureend_doubles           0x0000427d   Thumb Code     0  fpinit.o(x$fpl$fpinit)
    uxTopUsedPriority                        0x00004314   Data           4  tasks.o(.rodata.uxTopUsedPriority)
    Region$$Table$$Base                      0x00004318   Number         0  anon$$obj.o(Region$$Table)
    Region$$Table$$Limit                     0x00004338   Number         0  anon$$obj.o(Region$$Table)
    SystemCoreClock                          0x20000000   Data           4  system_tm4c123.o(.data.SystemCoreClock)
    __libspace_start                         0x20000008   Data          96  libspace.o(.bss)
    __temporary_stack_top$libspace           0x20000068   Data           0  libspace.o(.bss)
    isAuto                                   0x20000068   Data           1  main.o(.bss.isAuto)
    pxCurrentTCB                             0x20000070   Data           4  tasks.o(.bss.pxCurrentTCB)
    super                                    0x200000ec   Data           4  main.o(.bss.super)
    xBinarySemaphore                         0x20002134   Data           4  main.o(.bss.xBinarySemaphore)
    xQueueDownAuto                           0x20002194   Data           4  main.o(.bss.xQueueDownAuto)
    xQueueDownManual                         0x20002198   Data           4  main.o(.bss.xQueueDownManual)
    xQueueDriverDownAuto                     0x2000219c   Data           4  main.o(.bss.xQueueDriverDownAuto)
    xQueueDriverDownManual                   0x200021a0   Data           4  main.o(.bss.xQueueDriverDownManual)
    xQueueDriverUpAuto                       0x200021a4   Data           4  main.o(.bss.xQueueDriverUpAuto)
    xQueueDriverUpManual                     0x200021a8   Data           4  main.o(.bss.xQueueDriverUpManual)
    xQueueUpAuto                             0x200021ac   Data           4  main.o(.bss.xQueueUpAuto)
    xQueueUpManual                           0x200021b0   Data           4  main.o(.bss.xQueueUpManual)
    xStatusReceiveUpAuto                     0x200021c0   Data           4  main.o(.bss.xStatusReceiveUpAuto)
    xStatusReceiveUpManual                   0x200021c4   Data           4  main.o(.bss.xStatusReceiveUpManual)
    xStatusSendUp                            0x200021c8   Data           4  main.o(.bss.xStatusSendUp)



==============================================================================

Memory Map of the image

  Image Entry point : 0x0000030d

  Load Region LR_1 (Base: 0x00000000, Size: 0x00004340, Max: 0xffffffff, ABSOLUTE)

    Execution Region ER_RO (Exec base: 0x00000000, Load base: 0x00000000, Size: 0x00004338, Max: 0xffffffff, ABSOLUTE)

    Exec Addr    Load Addr    Size         Type   Attr      Idx    E Section Name        Object

    0x00000000   0x00000000   0x0000026c   Data   RO           76    RESET               startup_tm4c123.o
    0x0000026c   0x0000026c   0x00000008   Code   RO          469  * !!!main             c_w.l(__main.o)
    0x00000274   0x00000274   0x00000034   Code   RO          638    !!!scatter          c_w.l(__scatter.o)
    0x000002a8   0x000002a8   0x0000001a   Code   RO          640    !!handler_copy      c_w.l(__scatter_copy.o)
    0x000002c2   0x000002c2   0x00000002   PAD
    0x000002c4   0x000002c4   0x0000001c   Code   RO          642    !!handler_zi        c_w.l(__scatter_zi.o)
    0x000002e0   0x000002e0   0x00000002   Code   RO          500    .ARM.Collect$$libinit$$00000000  c_w.l(libinit.o)
    0x000002e2   0x000002e2   0x00000004   Code   RO          506    .ARM.Collect$$libinit$$00000001  c_w.l(libinit2.o)
    0x000002e6   0x000002e6   0x00000000   Code   RO          509    .ARM.Collect$$libinit$$00000004  c_w.l(libinit2.o)
    0x000002e6   0x000002e6   0x00000000   Code   RO          511    .ARM.Collect$$libinit$$00000006  c_w.l(libinit2.o)
    0x000002e6   0x000002e6   0x00000000   Code   RO          514    .ARM.Collect$$libinit$$0000000C  c_w.l(libinit2.o)
    0x000002e6   0x000002e6   0x00000000   Code   RO          516    .ARM.Collect$$libinit$$0000000E  c_w.l(libinit2.o)
    0x000002e6   0x000002e6   0x00000000   Code   RO          518    .ARM.Collect$$libinit$$00000010  c_w.l(libinit2.o)
    0x000002e6   0x000002e6   0x00000000   Code   RO          521    .ARM.Collect$$libinit$$00000013  c_w.l(libinit2.o)
    0x000002e6   0x000002e6   0x00000000   Code   RO          523    .ARM.Collect$$libinit$$00000015  c_w.l(libinit2.o)
    0x000002e6   0x000002e6   0x00000000   Code   RO          525    .ARM.Collect$$libinit$$00000017  c_w.l(libinit2.o)
    0x000002e6   0x000002e6   0x00000000   Code   RO          527    .ARM.Collect$$libinit$$00000019  c_w.l(libinit2.o)
    0x000002e6   0x000002e6   0x00000000   Code   RO          529    .ARM.Collect$$libinit$$0000001B  c_w.l(libinit2.o)
    0x000002e6   0x000002e6   0x00000000   Code   RO          531    .ARM.Collect$$libinit$$0000001D  c_w.l(libinit2.o)
    0x000002e6   0x000002e6   0x00000000   Code   RO          533    .ARM.Collect$$libinit$$0000001F  c_w.l(libinit2.o)
    0x000002e6   0x000002e6   0x00000000   Code   RO          535    .ARM.Collect$$libinit$$00000021  c_w.l(libinit2.o)
    0x000002e6   0x000002e6   0x00000000   Code   RO          537    .ARM.Collect$$libinit$$00000023  c_w.l(libinit2.o)
    0x000002e6   0x000002e6   0x00000000   Code   RO          539    .ARM.Collect$$libinit$$00000025  c_w.l(libinit2.o)
    0x000002e6   0x000002e6   0x00000000   Code   RO          541    .ARM.Collect$$libinit$$00000027  c_w.l(libinit2.o)
    0x000002e6   0x000002e6   0x00000000   Code   RO          545    .ARM.Collect$$libinit$$0000002E  c_w.l(libinit2.o)
    0x000002e6   0x000002e6   0x00000000   Code   RO          547    .ARM.Collect$$libinit$$00000030  c_w.l(libinit2.o)
    0x000002e6   0x000002e6   0x00000000   Code   RO          549    .ARM.Collect$$libinit$$00000032  c_w.l(libinit2.o)
    0x000002e6   0x000002e6   0x00000000   Code   RO          551    .ARM.Collect$$libinit$$00000034  c_w.l(libinit2.o)
    0x000002e6   0x000002e6   0x00000002   Code   RO          552    .ARM.Collect$$libinit$$00000035  c_w.l(libinit2.o)
    0x000002e8   0x000002e8   0x00000002   Code   RO          574    .ARM.Collect$$libshutdown$$00000000  c_w.l(libshutdown.o)
    0x000002ea   0x000002ea   0x00000000   Code   RO          589    .ARM.Collect$$libshutdown$$00000002  c_w.l(libshutdown2.o)
    0x000002ea   0x000002ea   0x00000000   Code   RO          591    .ARM.Collect$$libshutdown$$00000004  c_w.l(libshutdown2.o)
    0x000002ea   0x000002ea   0x00000000   Code   RO          594    .ARM.Collect$$libshutdown$$00000007  c_w.l(libshutdown2.o)
    0x000002ea   0x000002ea   0x00000000   Code   RO          597    .ARM.Collect$$libshutdown$$0000000A  c_w.l(libshutdown2.o)
    0x000002ea   0x000002ea   0x00000000   Code   RO          599    .ARM.Collect$$libshutdown$$0000000C  c_w.l(libshutdown2.o)
    0x000002ea   0x000002ea   0x00000000   Code   RO          602    .ARM.Collect$$libshutdown$$0000000F  c_w.l(libshutdown2.o)
    0x000002ea   0x000002ea   0x00000002   Code   RO          603    .ARM.Collect$$libshutdown$$00000010  c_w.l(libshutdown2.o)
    0x000002ec   0x000002ec   0x00000000   Code   RO          471    .ARM.Collect$$rtentry$$00000000  c_w.l(__rtentry.o)
    0x000002ec   0x000002ec   0x00000000   Code   RO          477    .ARM.Collect$$rtentry$$00000002  c_w.l(__rtentry2.o)
    0x000002ec   0x000002ec   0x00000006   Code   RO          489    .ARM.Collect$$rtentry$$00000004  c_w.l(__rtentry4.o)
    0x000002f2   0x000002f2   0x00000000   Code   RO          479    .ARM.Collect$$rtentry$$00000009  c_w.l(__rtentry2.o)
    0x000002f2   0x000002f2   0x00000004   Code   RO          480    .ARM.Collect$$rtentry$$0000000A  c_w.l(__rtentry2.o)
    0x000002f6   0x000002f6   0x00000000   Code   RO          482    .ARM.Collect$$rtentry$$0000000C  c_w.l(__rtentry2.o)
    0x000002f6   0x000002f6   0x00000008   Code   RO          483    .ARM.Collect$$rtentry$$0000000D  c_w.l(__rtentry2.o)
    0x000002fe   0x000002fe   0x00000002   Code   RO          504    .ARM.Collect$$rtexit$$00000000  c_w.l(rtexit.o)
    0x00000300   0x00000300   0x00000000   Code   RO          554    .ARM.Collect$$rtexit$$00000002  c_w.l(rtexit2.o)
    0x00000300   0x00000300   0x00000004   Code   RO          555    .ARM.Collect$$rtexit$$00000003  c_w.l(rtexit2.o)
    0x00000304   0x00000304   0x00000006   Code   RO          556    .ARM.Collect$$rtexit$$00000004  c_w.l(rtexit2.o)
    0x0000030a   0x0000030a   0x00000002   PAD
    0x0000030c   0x0000030c   0x00000114   Code   RO           77  * .text               startup_tm4c123.o
    0x00000420   0x00000420   0x0000008a   Code   RO          463    .text               c_w.l(rt_memcpy_v6.o)
    0x000004aa   0x000004aa   0x00000044   Code   RO          465    .text               c_w.l(rt_memclr.o)
    0x000004ee   0x000004ee   0x00000006   Code   RO          467    .text               c_w.l(heapauxi.o)
    0x000004f4   0x000004f4   0x00000064   Code   RO          472    .text               c_w.l(rt_memcpy_w.o)
    0x00000558   0x00000558   0x0000004e   Code   RO          474    .text               c_w.l(rt_memclr_w.o)
    0x000005a6   0x000005a6   0x0000004a   Code   RO          491    .text               c_w.l(sys_stackheap_outer.o)
    0x000005f0   0x000005f0   0x00000012   Code   RO          493    .text               c_w.l(exit.o)
    0x00000602   0x00000602   0x00000002   PAD
    0x00000604   0x00000604   0x00000008   Code   RO          501    .text               c_w.l(libspace.o)
    0x0000060c   0x0000060c   0x0000000c   Code   RO          564    .text               c_w.l(sys_exit.o)
    0x00000618   0x00000618   0x00000002   Code   RO          579    .text               c_w.l(use_no_semi.o)
    0x0000061a   0x0000061a   0x00000000   Code   RO          581    .text               c_w.l(indicate_semi.o)
    0x0000061a   0x0000061a   0x00000006   PAD
    0x00000620   0x00000620   0x00000064   Code   RO          136    .text.PendSV_Handler  port.o
    0x00000684   0x00000684   0x00000020   Code   RO           60    .text.ReadPin       dio.o
    0x000006a4   0x000006a4   0x0000000c   PAD
    0x000006b0   0x000006b0   0x00000024   Code   RO          120    .text.SVC_Handler   port.o
    0x000006d4   0x000006d4   0x0000003c   Code   RO          138    .text.SysTick_Handler  port.o
    0x00000710   0x00000710   0x0000010c   Code   RO           88    .text.SystemInit    system_tm4c123.o
    0x0000081c   0x0000081c   0x00000292   Code   RO           24    .text.carHandler    main.o
    0x00000aae   0x00000aae   0x00000002   PAD
    0x00000ab0   0x00000ab0   0x00000102   Code   RO           54    .text.car_init      dio.o
    0x00000bb2   0x00000bb2   0x00000002   PAD
    0x00000bb4   0x00000bb4   0x0000008e   Code   RO           14    .text.driverDown    main.o
    0x00000c42   0x00000c42   0x00000002   PAD
    0x00000c44   0x00000c44   0x0000009c   Code   RO           16    .text.driverDownManual  main.o
    0x00000ce0   0x00000ce0   0x000000a2   Code   RO           10    .text.driverUp      main.o
    0x00000d82   0x00000d82   0x00000002   PAD
    0x00000d84   0x00000d84   0x0000009c   Code   RO           12    .text.driverUpManual  main.o
    0x00000e20   0x00000e20   0x00000068   Code   RO           18    .text.jamProtection  main.o
    0x00000e88   0x00000e88   0x00000268   Code   RO           26    .text.main          main.o
    0x000010f0   0x000010f0   0x000000a4   Code   RO            6    .text.passDown      main.o
    0x00001194   0x00001194   0x0000009c   Code   RO            8    .text.passDownManual  main.o
    0x00001230   0x00001230   0x000000aa   Code   RO            2    .text.passUpAuto    main.o
    0x000012da   0x000012da   0x00000002   PAD
    0x000012dc   0x000012dc   0x00000086   Code   RO            4    .text.passUpManual  main.o
    0x00001362   0x00001362   0x00000002   PAD
    0x00001364   0x00001364   0x0000011a   Code   RO          277    .text.prvAddCurrentTaskToDelayedList  tasks.o
    0x0000147e   0x0000147e   0x00000002   PAD
    0x00001480   0x00001480   0x0000014e   Code   RO          265    .text.prvAddNewTaskToReadyList  tasks.o
    0x000015ce   0x000015ce   0x00000002   PAD
    0x000015d0   0x000015d0   0x0000006a   Code   RO          401    .text.prvCheckForValidListAndQueue  timers.o
    0x0000163a   0x0000163a   0x00000002   PAD
    0x0000163c   0x0000163c   0x0000005a   Code   RO          367    .text.prvCheckTasksWaitingTermination  tasks.o
    0x00001696   0x00001696   0x00000002   PAD
    0x00001698   0x00001698   0x00000042   Code   RO          218    .text.prvCopyDataFromQueue  queue.o
    0x000016da   0x000016da   0x00000002   PAD
    0x000016dc   0x000016dc   0x000000cc   Code   RO          204    .text.prvCopyDataToQueue  queue.o
    0x000017a8   0x000017a8   0x00000018   Code   RO          271    .text.prvDeleteTCB  tasks.o
    0x000017c0   0x000017c0   0x00000026   Code   RO          222    .text.prvGetDisinheritPriorityAfterTimeout  queue.o
    0x000017e6   0x000017e6   0x00000002   PAD
    0x000017e8   0x000017e8   0x00000040   Code   RO          431    .text.prvGetNextExpireTime  timers.o
    0x00001828   0x00001828   0x000000ae   Code   RO          154    .text.prvHeapInit   heap_4.o
    0x000018d6   0x000018d6   0x00000002   PAD
    0x000018d8   0x000018d8   0x00000038   Code   RO          303    .text.prvIdleTask   tasks.o
    0x00001910   0x00001910   0x00000044   Code   RO          188    .text.prvInitialiseNewQueue  queue.o
    0x00001954   0x00001954   0x00000116   Code   RO          263    .text.prvInitialiseNewTask  tasks.o
    0x00001a6a   0x00001a6a   0x00000002   PAD
    0x00001a6c   0x00001a6c   0x0000008e   Code   RO          365    .text.prvInitialiseTaskLists  tasks.o
    0x00001afa   0x00001afa   0x00000002   PAD
    0x00001afc   0x00001afc   0x000000c6   Code   RO          156    .text.prvInsertBlockIntoFreeList  heap_4.o
    0x00001bc2   0x00001bc2   0x00000002   PAD
    0x00001bc4   0x00001bc4   0x00000086   Code   RO          445    .text.prvInsertTimerInActiveList  timers.o
    0x00001c4a   0x00001c4a   0x00000002   PAD
    0x00001c4c   0x00001c4c   0x00000028   Code   RO          220    .text.prvIsQueueEmpty  queue.o
    0x00001c74   0x00001c74   0x0000002e   Code   RO          208    .text.prvIsQueueFull  queue.o
    0x00001ca2   0x00001ca2   0x00000002   PAD
    0x00001ca4   0x00001ca4   0x000000ec   Code   RO          206    .text.prvNotifyQueueSetContainer  queue.o
    0x00001d90   0x00001d90   0x00000028   Code   RO          128    .text.prvPortStartFirstTask  port.o
    0x00001db8   0x00001db8   0x00000054   Code   RO          439    .text.prvProcessExpiredTimer  timers.o
    0x00001e0c   0x00001e0c   0x00000146   Code   RO          435    .text.prvProcessReceivedCommands  timers.o
    0x00001f52   0x00001f52   0x00000002   PAD
    0x00001f54   0x00001f54   0x0000009a   Code   RO          433    .text.prvProcessTimerOrBlockTask  timers.o
    0x00001fee   0x00001fee   0x00000002   PAD
    0x00001ff0   0x00001ff0   0x00000034   Code   RO          443    .text.prvReloadTimer  timers.o
    0x00002024   0x00002024   0x0000003c   Code   RO          269    .text.prvResetNextTaskUnblockTime  tasks.o
    0x00002060   0x00002060   0x00000044   Code   RO          437    .text.prvSampleTimeNow  timers.o
    0x000020a4   0x000020a4   0x00000052   Code   RO          441    .text.prvSwitchTimerLists  timers.o
    0x000020f6   0x000020f6   0x00000002   PAD
    0x000020f8   0x000020f8   0x0000004c   Code   RO          118    .text.prvTaskExitError  port.o
    0x00002144   0x00002144   0x0000001e   Code   RO          403    .text.prvTimerTask  timers.o
    0x00002162   0x00002162   0x00000002   PAD
    0x00002164   0x00002164   0x000000cc   Code   RO          210    .text.prvUnlockQueue  queue.o
    0x00002230   0x00002230   0x000001c8   Code   RO          152    .text.pvPortMalloc  heap_4.o
    0x000023f8   0x000023f8   0x0000002c   Code   RO          349    .text.pvTaskIncrementMutexHeldCount  tasks.o
    0x00002424   0x00002424   0x0000005e   Code   RO          116    .text.pxPortInitialiseStack  port.o
    0x00002482   0x00002482   0x00000002   PAD
    0x00002484   0x00002484   0x00000048   Code   RO          107    .text.uxListRemove  list.o
    0x000024cc   0x000024cc   0x0000000c   Code   RO          313    .text.uxTaskGetNumberOfTasks  tasks.o
    0x000024d8   0x000024d8   0x0000002e   Code   RO           99    .text.vListInitialise  list.o
    0x00002506   0x00002506   0x00000002   PAD
    0x00002508   0x00002508   0x0000000e   Code   RO          101    .text.vListInitialiseItem  list.o
    0x00002516   0x00002516   0x00000002   PAD
    0x00002518   0x00002518   0x0000006a   Code   RO          105    .text.vListInsert   list.o
    0x00002582   0x00002582   0x00000002   PAD
    0x00002584   0x00002584   0x00000014   Code   RO          126    .text.vPortEnableVFP  port.o
    0x00002598   0x00002598   0x00000056   Code   RO          132    .text.vPortEnterCritical  port.o
    0x000025ee   0x000025ee   0x00000002   PAD
    0x000025f0   0x000025f0   0x0000004a   Code   RO          134    .text.vPortExitCritical  port.o
    0x0000263a   0x0000263a   0x00000002   PAD
    0x0000263c   0x0000263c   0x000000ba   Code   RO          158    .text.vPortFree     heap_4.o
    0x000026f6   0x000026f6   0x00000002   PAD
    0x000026f8   0x000026f8   0x00000044   Code   RO          124    .text.vPortSetupTimerInterrupt  port.o
    0x0000273c   0x0000273c   0x00000084   Code   RO          140    .text.vPortValidateInterruptPriority  port.o
    0x000027c0   0x000027c0   0x00000064   Code   RO          242    .text.vQueueWaitForMessageRestricted  queue.o
    0x00002824   0x00002824   0x0000006e   Code   RO          281    .text.vTaskDelay    tasks.o
    0x00002892   0x00002892   0x00000002   PAD
    0x00002894   0x00002894   0x00000024   Code   RO          331    .text.vTaskInternalSetTimeOutState  tasks.o
    0x000028b8   0x000028b8   0x0000000e   Code   RO          335    .text.vTaskMissedYield  tasks.o
    0x000028c6   0x000028c6   0x00000002   PAD
    0x000028c8   0x000028c8   0x00000042   Code   RO          319    .text.vTaskPlaceOnEventList  tasks.o
    0x0000290a   0x0000290a   0x00000002   PAD
    0x0000290c   0x0000290c   0x0000007c   Code   RO          323    .text.vTaskPlaceOnEventListRestricted  tasks.o
    0x00002988   0x00002988   0x00000182   Code   RO          345    .text.vTaskPriorityDisinheritAfterTimeout  tasks.o
    0x00002b0a   0x00002b0a   0x00000002   PAD
    0x00002b0c   0x00002b0c   0x000000b2   Code   RO          301    .text.vTaskStartScheduler  tasks.o
    0x00002bbe   0x00002bbe   0x00000002   PAD
    0x00002bc0   0x00002bc0   0x00000010   Code   RO          275    .text.vTaskSuspendAll  tasks.o
    0x00002bd0   0x00002bd0   0x000000be   Code   RO          293    .text.vTaskSwitchContext  tasks.o
    0x00002c8e   0x00002c8e   0x00000002   PAD
    0x00002c90   0x00002c90   0x0000017c   Code   RO          122    .text.xPortStartScheduler  port.o
    0x00002e0c   0x00002e0c   0x0000009a   Code   RO          186    .text.xQueueGenericCreate  queue.o
    0x00002ea6   0x00002ea6   0x00000002   PAD
    0x00002ea8   0x00002ea8   0x00000108   Code   RO          184    .text.xQueueGenericReset  queue.o
    0x00002fb0   0x00002fb0   0x00000274   Code   RO          196    .text.xQueueGenericSend  queue.o
    0x00003224   0x00003224   0x00000182   Code   RO          214    .text.xQueueGiveFromISR  queue.o
    0x000033a6   0x000033a6   0x00000002   PAD
    0x000033a8   0x000033a8   0x000001dc   Code   RO          216    .text.xQueueReceive  queue.o
    0x00003584   0x00003584   0x00000210   Code   RO          200    .text.xQueueSemaphoreTake  queue.o
    0x00003794   0x00003794   0x000000d2   Code   RO          333    .text.xTaskCheckForTimeOut  tasks.o
    0x00003866   0x00003866   0x00000002   PAD
    0x00003868   0x00003868   0x000000a0   Code   RO          261    .text.xTaskCreate   tasks.o
    0x00003908   0x00003908   0x00000038   Code   RO          339    .text.xTaskGetSchedulerState  tasks.o
    0x00003940   0x00003940   0x00000014   Code   RO          309    .text.xTaskGetTickCount  tasks.o
    0x00003954   0x00003954   0x00000260   Code   RO          307    .text.xTaskIncrementTick  tasks.o
    0x00003bb4   0x00003bb4   0x00000138   Code   RO          343    .text.xTaskPriorityDisinherit  tasks.o
    0x00003cec   0x00003cec   0x0000015c   Code   RO          341    .text.xTaskPriorityInherit  tasks.o
    0x00003e48   0x00003e48   0x0000018c   Code   RO          325    .text.xTaskRemoveFromEventList  tasks.o
    0x00003fd4   0x00003fd4   0x00000222   Code   RO          279    .text.xTaskResumeAll  tasks.o
    0x000041f6   0x000041f6   0x00000002   PAD
    0x000041f8   0x000041f8   0x0000006c   Code   RO          399    .text.xTimerCreateTimerTask  timers.o
    0x00004264   0x00004264   0x0000001a   Code   RO          562    x$fpl$fpinit        fz_wm.l(fpinit.o)
    0x0000427e   0x0000427e   0x00000087   Data   RO           43    .rodata.str1.1      main.o
    0x00004305   0x00004305   0x00000005   Data   RO          385    .rodata.str1.1      tasks.o
    0x0000430a   0x0000430a   0x00000008   Data   RO          448    .rodata.str1.1      timers.o
    0x00004312   0x00004312   0x00000002   PAD
    0x00004314   0x00004314   0x00000004   Data   RO          370    .rodata.uxTopUsedPriority  tasks.o
    0x00004318   0x00004318   0x00000020   Data   RO          637    Region$$Table       anon$$obj.o


    Execution Region ER_RW (Exec base: 0x20000000, Load base: 0x00004338, Size: 0x00000008, Max: 0xffffffff, ABSOLUTE)

    Exec Addr    Load Addr    Size         Type   Attr      Idx    E Section Name        Object

    0x20000000   0x00004338   0x00000004   Data   RW           90    .data.SystemCoreClock  system_tm4c123.o
    0x20000004   0x0000433c   0x00000004   Data   RW          144    .data.uxCriticalNesting  port.o


    Execution Region ER_ZI (Exec base: 0x20000008, Load base: 0x00004340, Size: 0x00002400, Max: 0xffffffff, ABSOLUTE)

    Exec Addr    Load Addr    Size         Type   Attr      Idx    E Section Name        Object

    0x20000008        -       0x00000060   Zero   RW          502    .bss                c_w.l(libspace.o)
    0x20000068        -       0x00000001   Zero   RW           31    .bss.isAuto         main.o
    0x20000069   0x00004340   0x00000003   PAD
    0x2000006c        -       0x00000004   Zero   RW          452    .bss.prvSampleTimeNow.xLastTime  timers.o
    0x20000070        -       0x00000004   Zero   RW          369    .bss.pxCurrentTCB   tasks.o
    0x20000074        -       0x00000004   Zero   RW          450    .bss.pxCurrentTimerList  timers.o
    0x20000078        -       0x00000004   Zero   RW          380    .bss.pxDelayedTaskList  tasks.o
    0x2000007c        -       0x00000004   Zero   RW          170    .bss.pxEnd          heap_4.o
    0x20000080        -       0x00000004   Zero   RW          381    .bss.pxOverflowDelayedTaskList  tasks.o
    0x20000084        -       0x00000004   Zero   RW          451    .bss.pxOverflowTimerList  timers.o
    0x20000088        -       0x00000064   Zero   RW          371    .bss.pxReadyTasksLists  tasks.o
    0x200000ec        -       0x00000004   Zero   RW           29    .bss.super          main.o
    0x200000f0        -       0x00002000   Zero   RW          176    .bss.ucHeap         heap_4.o
    0x200020f0        -       0x00000001   Zero   RW          142    .bss.ucMaxSysCallPriority  port.o
    0x200020f1   0x00004340   0x00000003   PAD
    0x200020f4        -       0x00000004   Zero   RW          143    .bss.ulMaxPRIGROUPValue  port.o
    0x200020f8        -       0x00000004   Zero   RW          376    .bss.uxCurrentNumberOfTasks  tasks.o
    0x200020fc        -       0x00000004   Zero   RW          375    .bss.uxDeletedTasksWaitingCleanUp  tasks.o
    0x20002100        -       0x00000004   Zero   RW          378    .bss.uxSchedulerSuspended  tasks.o
    0x20002104        -       0x00000004   Zero   RW          373    .bss.uxTaskNumber   tasks.o
    0x20002108        -       0x00000004   Zero   RW          372    .bss.uxTopReadyPriority  tasks.o
    0x2000210c        -       0x00000014   Zero   RW          453    .bss.xActiveTimerList1  timers.o
    0x20002120        -       0x00000014   Zero   RW          454    .bss.xActiveTimerList2  timers.o
    0x20002134        -       0x00000004   Zero   RW           41    .bss.xBinarySemaphore  main.o
    0x20002138        -       0x00000014   Zero   RW          390    .bss.xDelayedTaskList1  tasks.o
    0x2000214c        -       0x00000014   Zero   RW          391    .bss.xDelayedTaskList2  tasks.o
    0x20002160        -       0x00000004   Zero   RW          171    .bss.xFreeBytesRemaining  heap_4.o
    0x20002164        -       0x00000004   Zero   RW          386    .bss.xIdleTaskHandle  tasks.o
    0x20002168        -       0x00000004   Zero   RW          173    .bss.xMinimumEverFreeBytesRemaining  heap_4.o
    0x2000216c        -       0x00000004   Zero   RW          387    .bss.xNextTaskUnblockTime  tasks.o
    0x20002170        -       0x00000004   Zero   RW          389    .bss.xNumOfOverflows  tasks.o
    0x20002174        -       0x00000004   Zero   RW          174    .bss.xNumberOfSuccessfulAllocations  heap_4.o
    0x20002178        -       0x00000004   Zero   RW          175    .bss.xNumberOfSuccessfulFrees  heap_4.o
    0x2000217c        -       0x00000004   Zero   RW          388    .bss.xPendedTicks   tasks.o
    0x20002180        -       0x00000014   Zero   RW          384    .bss.xPendingReadyList  tasks.o
    0x20002194        -       0x00000004   Zero   RW           35    .bss.xQueueDownAuto  main.o
    0x20002198        -       0x00000004   Zero   RW           36    .bss.xQueueDownManual  main.o
    0x2000219c        -       0x00000004   Zero   RW           39    .bss.xQueueDriverDownAuto  main.o
    0x200021a0        -       0x00000004   Zero   RW           40    .bss.xQueueDriverDownManual  main.o
    0x200021a4        -       0x00000004   Zero   RW           37    .bss.xQueueDriverUpAuto  main.o
    0x200021a8        -       0x00000004   Zero   RW           38    .bss.xQueueDriverUpManual  main.o
    0x200021ac        -       0x00000004   Zero   RW           30    .bss.xQueueUpAuto   main.o
    0x200021b0        -       0x00000004   Zero   RW           33    .bss.xQueueUpManual  main.o
    0x200021b4        -       0x00000004   Zero   RW          377    .bss.xSchedulerRunning  tasks.o
    0x200021b8        -       0x00000008   Zero   RW          172    .bss.xStart         heap_4.o
    0x200021c0        -       0x00000004   Zero   RW           32    .bss.xStatusReceiveUpAuto  main.o
    0x200021c4        -       0x00000004   Zero   RW           34    .bss.xStatusReceiveUpManual  main.o
    0x200021c8        -       0x00000004   Zero   RW           42    .bss.xStatusSendUp  main.o
    0x200021cc        -       0x00000014   Zero   RW          382    .bss.xSuspendedTaskList  tasks.o
    0x200021e0        -       0x00000014   Zero   RW          374    .bss.xTasksWaitingTermination  tasks.o
    0x200021f4        -       0x00000004   Zero   RW          379    .bss.xTickCount     tasks.o
    0x200021f8        -       0x00000004   Zero   RW          447    .bss.xTimerQueue    timers.o
    0x200021fc        -       0x00000004   Zero   RW          449    .bss.xTimerTaskHandle  timers.o
    0x20002200        -       0x00000004   Zero   RW          383    .bss.xYieldPending  tasks.o
    0x20002204   0x00004340   0x00000004   PAD
    0x20002208        -       0x00000000   Zero   RW           75    HEAP                startup_tm4c123.o
    0x20002208        -       0x00000200   Zero   RW           74    STACK               startup_tm4c123.o


==============================================================================

Image component sizes


      Code (inc. data)   RO Data    RW Data    ZI Data      Debug   Object Name

       290          0          0          0          0       1362   dio.o
      1014          0          0          0       8220       4619   heap_4.o
       238          0          0          0          0       2250   list.o
      2618          0        135          0         53       4556   main.o
      1166         16          0          4          5       3914   port.o
      3438          0          0          0          0      15974   queue.o
       276         24        620          0        512       5492   startup_tm4c123.o
       268          0          0          4          0       6710   system_tm4c123.o
      5098          0          9          0        260      22131   tasks.o
      1208         10          8          0         60       8320   timers.o

    ----------------------------------------------------------------------
     15704         50        806          8       9120      75328   Object Totals
         0          0         32          0          0          0   (incl. Generated)
        90          0          2          0         10          0   (incl. Padding)

    ----------------------------------------------------------------------

      Code (inc. data)   RO Data    RW Data    ZI Data      Debug   Library Member Name

         8          0          0          0          0         68   __main.o
         0          0          0          0          0          0   __rtentry.o
        12          0          0          0          0          0   __rtentry2.o
         6          0          0          0          0          0   __rtentry4.o
        52          8          0          0          0          0   __scatter.o
        26          0          0          0          0          0   __scatter_copy.o
        28          0          0          0          0          0   __scatter_zi.o
        18          0          0          0          0         80   exit.o
         6          0          0          0          0        152   heapauxi.o
         0          0          0          0          0          0   indicate_semi.o
         2          0          0          0          0          0   libinit.o
         6          0          0          0          0          0   libinit2.o
         2          0          0          0          0          0   libshutdown.o
         2          0          0          0          0          0   libshutdown2.o
         8          4          0          0         96         68   libspace.o
        68          0          0          0          0         68   rt_memclr.o
        78          0          0          0          0         80   rt_memclr_w.o
       138          0          0          0          0         68   rt_memcpy_v6.o
       100          0          0          0          0         80   rt_memcpy_w.o
         2          0          0          0          0          0   rtexit.o
        10          0          0          0          0          0   rtexit2.o
        12          4          0          0          0         68   sys_exit.o
        74          0          0          0          0         80   sys_stackheap_outer.o
         2          0          0          0          0         68   use_no_semi.o
        26          0          0          0          0        116   fpinit.o

    ----------------------------------------------------------------------
       698         16          0          0         96        996   Library Totals
        12          0          0          0          0          0   (incl. Padding)

    ----------------------------------------------------------------------

      Code (inc. data)   RO Data    RW Data    ZI Data      Debug   Library Name

       660         16          0          0         96        880   c_w.l
        26          0          0          0          0        116   fz_wm.l

    ----------------------------------------------------------------------
       698         16          0          0         96        996   Library Totals

    ----------------------------------------------------------------------

==============================================================================


      Code (inc. data)   RO Data    RW Data    ZI Data      Debug   

     16402         66        806          8       9216      75800   Grand Totals
     16402         66        806          8       9216      75800   ELF Image Totals
     16402         66        806          8          0          0   ROM Totals

==============================================================================

    Total RO  Size (Code + RO Data)                17208 (  16.80kB)
    Total RW  Size (RW Data + ZI Data)              9224 (   9.01kB)
    Total ROM Size (Code + RO Data + RW Data)      17216 (  16.81kB)

==============================================================================

